C:/ST/STM32CubeIDE_1.10.1/STM32CubeIDE/STile_M_Pattern/STile_M_Pattern/Projects/SensorTile/Applications/DataLog/Src/main.c:117:6:getAngularVelocity	40	static
C:/ST/STM32CubeIDE_1.10.1/STM32CubeIDE/STile_M_Pattern/STile_M_Pattern/Projects/SensorTile/Applications/DataLog/Src/main.c:138:6:stable_softmax	32	static
C:/ST/STM32CubeIDE_1.10.1/STM32CubeIDE/STile_M_Pattern/STile_M_Pattern/Projects/SensorTile/Applications/DataLog/Src/main.c:162:6:motion_softmax	32	static
C:/ST/STM32CubeIDE_1.10.1/STM32CubeIDE/STile_M_Pattern/STile_M_Pattern/Projects/SensorTile/Applications/DataLog/Src/main.c:177:6:LED_Code_Blink	24	static
C:/ST/STM32CubeIDE_1.10.1/STM32CubeIDE/STile_M_Pattern/STile_M_Pattern/Projects/SensorTile/Applications/DataLog/Src/main.c:217:6:LED_Notification_Blink	24	static
C:/ST/STM32CubeIDE_1.10.1/STM32CubeIDE/STile_M_Pattern/STile_M_Pattern/Projects/SensorTile/Applications/DataLog/Src/main.c:233:6:getAccel	40	static
C:/ST/STM32CubeIDE_1.10.1/STM32CubeIDE/STile_M_Pattern/STile_M_Pattern/Projects/SensorTile/Applications/DataLog/Src/main.c:259:6:Feature_Extraction_State_0	192	static
C:/ST/STM32CubeIDE_1.10.1/STM32CubeIDE/STile_M_Pattern/STile_M_Pattern/Projects/SensorTile/Applications/DataLog/Src/main.c:364:6:Feature_Extraction_State_1	240	static
C:/ST/STM32CubeIDE_1.10.1/STM32CubeIDE/STile_M_Pattern/STile_M_Pattern/Projects/SensorTile/Applications/DataLog/Src/main.c:562:6:printOutput_ANN	336	static
C:/ST/STM32CubeIDE_1.10.1/STM32CubeIDE/STile_M_Pattern/STile_M_Pattern/Projects/SensorTile/Applications/DataLog/Src/main.c:658:6:TrainOrientation	1344	static
C:/ST/STM32CubeIDE_1.10.1/STM32CubeIDE/STile_M_Pattern/STile_M_Pattern/Projects/SensorTile/Applications/DataLog/Src/main.c:922:5:Accel_Gyro_Sensor_Handler	264	static
C:/ST/STM32CubeIDE_1.10.1/STM32CubeIDE/STile_M_Pattern/STile_M_Pattern/Projects/SensorTile/Applications/DataLog/Src/main.c:1054:5:main	960	static,ignoring_inline_asm
C:/ST/STM32CubeIDE_1.10.1/STM32CubeIDE/STile_M_Pattern/STile_M_Pattern/Projects/SensorTile/Applications/DataLog/Src/main.c:1223:13:initializeAllSensors	8	static
C:/ST/STM32CubeIDE_1.10.1/STM32CubeIDE/STile_M_Pattern/STile_M_Pattern/Projects/SensorTile/Applications/DataLog/Src/main.c:1286:6:enableAllSensors	8	static
C:/ST/STM32CubeIDE_1.10.1/STM32CubeIDE/STile_M_Pattern/STile_M_Pattern/Projects/SensorTile/Applications/DataLog/Src/main.c:1305:6:disableAllSensors	8	static
C:/ST/STM32CubeIDE_1.10.1/STM32CubeIDE/STile_M_Pattern/STile_M_Pattern/Projects/SensorTile/Applications/DataLog/Src/main.c:1321:13:RTC_Config	8	static
C:/ST/STM32CubeIDE_1.10.1/STM32CubeIDE/STile_M_Pattern/STile_M_Pattern/Projects/SensorTile/Applications/DataLog/Src/main.c:1352:13:RTC_TimeStampConfig	32	static
C:/ST/STM32CubeIDE_1.10.1/STM32CubeIDE/STile_M_Pattern/STile_M_Pattern/Projects/SensorTile/Applications/DataLog/Src/main.c:1392:6:RTC_TimeRegulate	40	static
C:/ST/STM32CubeIDE_1.10.1/STM32CubeIDE/STile_M_Pattern/STile_M_Pattern/Projects/SensorTile/Applications/DataLog/Src/main.c:1415:6:HAL_GPIO_EXTI_Callback	16	static
C:/ST/STM32CubeIDE_1.10.1/STM32CubeIDE/STile_M_Pattern/STile_M_Pattern/Projects/SensorTile/Applications/DataLog/Src/main.c:1424:13:Error_Handler	4	static
