Archive member included to satisfy reference by file (symbol)

c:/st/stm32cubeide_1.10.1/stm32cubeide/plugins/com.st.stm32cube.ide.mcu.externaltools.gnu-tools-for-stm32.10.3-2021.10.win32_1.0.0.202111181127/tools/bin/../lib/gcc/arm-none-eabi/10.3.1/../../../../arm-none-eabi/lib/thumb/v7e-m+fp/hard\libc_nano.a(lib_a-errno.o)
                              ./DataLog/User/syscalls.o (__errno)
c:/st/stm32cubeide_1.10.1/stm32cubeide/plugins/com.st.stm32cube.ide.mcu.externaltools.gnu-tools-for-stm32.10.3-2021.10.win32_1.0.0.202111181127/tools/bin/../lib/gcc/arm-none-eabi/10.3.1/../../../../arm-none-eabi/lib/thumb/v7e-m+fp/hard\libc_nano.a(lib_a-exit.o)
                              c:/st/stm32cubeide_1.10.1/stm32cubeide/plugins/com.st.stm32cube.ide.mcu.externaltools.gnu-tools-for-stm32.10.3-2021.10.win32_1.0.0.202111181127/tools/bin/../lib/gcc/arm-none-eabi/10.3.1/../../../../arm-none-eabi/lib/thumb/v7e-m+fp/hard/crt0.o (exit)
c:/st/stm32cubeide_1.10.1/stm32cubeide/plugins/com.st.stm32cube.ide.mcu.externaltools.gnu-tools-for-stm32.10.3-2021.10.win32_1.0.0.202111181127/tools/bin/../lib/gcc/arm-none-eabi/10.3.1/../../../../arm-none-eabi/lib/thumb/v7e-m+fp/hard\libc_nano.a(lib_a-impure.o)
                              c:/st/stm32cubeide_1.10.1/stm32cubeide/plugins/com.st.stm32cube.ide.mcu.externaltools.gnu-tools-for-stm32.10.3-2021.10.win32_1.0.0.202111181127/tools/bin/../lib/gcc/arm-none-eabi/10.3.1/../../../../arm-none-eabi/lib/thumb/v7e-m+fp/hard\libc_nano.a(lib_a-exit.o) (_global_impure_ptr)
c:/st/stm32cubeide_1.10.1/stm32cubeide/plugins/com.st.stm32cube.ide.mcu.externaltools.gnu-tools-for-stm32.10.3-2021.10.win32_1.0.0.202111181127/tools/bin/../lib/gcc/arm-none-eabi/10.3.1/../../../../arm-none-eabi/lib/thumb/v7e-m+fp/hard\libc_nano.a(lib_a-init.o)
                              c:/st/stm32cubeide_1.10.1/stm32cubeide/plugins/com.st.stm32cube.ide.mcu.externaltools.gnu-tools-for-stm32.10.3-2021.10.win32_1.0.0.202111181127/tools/bin/../lib/gcc/arm-none-eabi/10.3.1/../../../../arm-none-eabi/lib/thumb/v7e-m+fp/hard/crt0.o (__libc_init_array)
c:/st/stm32cubeide_1.10.1/stm32cubeide/plugins/com.st.stm32cube.ide.mcu.externaltools.gnu-tools-for-stm32.10.3-2021.10.win32_1.0.0.202111181127/tools/bin/../lib/gcc/arm-none-eabi/10.3.1/../../../../arm-none-eabi/lib/thumb/v7e-m+fp/hard\libc_nano.a(lib_a-malloc.o)
                              ./Middlewares/FatFs/syscall.o (malloc)
c:/st/stm32cubeide_1.10.1/stm32cubeide/plugins/com.st.stm32cube.ide.mcu.externaltools.gnu-tools-for-stm32.10.3-2021.10.win32_1.0.0.202111181127/tools/bin/../lib/gcc/arm-none-eabi/10.3.1/../../../../arm-none-eabi/lib/thumb/v7e-m+fp/hard\libc_nano.a(lib_a-memcpy-stub.o)
                              ./DataLog/User/datalog_application.o (memcpy)
c:/st/stm32cubeide_1.10.1/stm32cubeide/plugins/com.st.stm32cube.ide.mcu.externaltools.gnu-tools-for-stm32.10.3-2021.10.win32_1.0.0.202111181127/tools/bin/../lib/gcc/arm-none-eabi/10.3.1/../../../../arm-none-eabi/lib/thumb/v7e-m+fp/hard\libc_nano.a(lib_a-memset.o)
                              c:/st/stm32cubeide_1.10.1/stm32cubeide/plugins/com.st.stm32cube.ide.mcu.externaltools.gnu-tools-for-stm32.10.3-2021.10.win32_1.0.0.202111181127/tools/bin/../lib/gcc/arm-none-eabi/10.3.1/../../../../arm-none-eabi/lib/thumb/v7e-m+fp/hard/crt0.o (memset)
c:/st/stm32cubeide_1.10.1/stm32cubeide/plugins/com.st.stm32cube.ide.mcu.externaltools.gnu-tools-for-stm32.10.3-2021.10.win32_1.0.0.202111181127/tools/bin/../lib/gcc/arm-none-eabi/10.3.1/../../../../arm-none-eabi/lib/thumb/v7e-m+fp/hard\libc_nano.a(lib_a-nano-freer.o)
                              c:/st/stm32cubeide_1.10.1/stm32cubeide/plugins/com.st.stm32cube.ide.mcu.externaltools.gnu-tools-for-stm32.10.3-2021.10.win32_1.0.0.202111181127/tools/bin/../lib/gcc/arm-none-eabi/10.3.1/../../../../arm-none-eabi/lib/thumb/v7e-m+fp/hard\libc_nano.a(lib_a-malloc.o) (_free_r)
c:/st/stm32cubeide_1.10.1/stm32cubeide/plugins/com.st.stm32cube.ide.mcu.externaltools.gnu-tools-for-stm32.10.3-2021.10.win32_1.0.0.202111181127/tools/bin/../lib/gcc/arm-none-eabi/10.3.1/../../../../arm-none-eabi/lib/thumb/v7e-m+fp/hard\libc_nano.a(lib_a-nano-mallocr.o)
                              c:/st/stm32cubeide_1.10.1/stm32cubeide/plugins/com.st.stm32cube.ide.mcu.externaltools.gnu-tools-for-stm32.10.3-2021.10.win32_1.0.0.202111181127/tools/bin/../lib/gcc/arm-none-eabi/10.3.1/../../../../arm-none-eabi/lib/thumb/v7e-m+fp/hard\libc_nano.a(lib_a-malloc.o) (_malloc_r)
c:/st/stm32cubeide_1.10.1/stm32cubeide/plugins/com.st.stm32cube.ide.mcu.externaltools.gnu-tools-for-stm32.10.3-2021.10.win32_1.0.0.202111181127/tools/bin/../lib/gcc/arm-none-eabi/10.3.1/../../../../arm-none-eabi/lib/thumb/v7e-m+fp/hard\libc_nano.a(lib_a-nano-vfprintf_float.o)
                              (_printf_float)
[...]
Memory Configuration

Name             Origin             Length             Attributes
FLASH            0x0000000008004000 0x0000000000040000 xr
RAM              0x0000000020000000 0x0000000000018000 xrw
SRAM2            0x0000000010000000 0x0000000000008000 xrw
*default*        0x0000000000000000 0xffffffffffffffff

Linker script and memory map

LOAD c:/st/stm32cubeide_1.10.1/stm32cubeide/plugins/com.st.stm32cube.ide.mcu.externaltools.gnu-tools-for-stm32.10.3-2021.10.win32_1.0.0.202111181127/tools/bin/../lib/gcc/arm-none-eabi/10.3.1/thumb/v7e-m+fp/hard/crti.o
LOAD c:/st/stm32cubeide_1.10.1/stm32cubeide/plugins/com.st.stm32cube.ide.mcu.externaltools.gnu-tools-for-stm32.10.3-2021.10.win32_1.0.0.202111181127/tools/bin/../lib/gcc/arm-none-eabi/10.3.1/thumb/v7e-m+fp/hard/crtbegin.o
LOAD c:/st/stm32cubeide_1.10.1/stm32cubeide/plugins/com.st.stm32cube.ide.mcu.externaltools.gnu-tools-for-stm32.10.3-2021.10.win32_1.0.0.202111181127/tools/bin/../lib/gcc/arm-none-eabi/10.3.1/../../../../arm-none-eabi/lib/thumb/v7e-m+fp/hard/crt0.o
LOAD ./DataLog/SW4STM32/startup_stm32l476xx.o
LOAD ./DataLog/User/cube_hal_l4.o
LOAD ./DataLog/User/datalog_application.o
LOAD ./DataLog/User/embeddedML.o
LOAD ./DataLog/User/main.o
LOAD ./DataLog/User/stm32l4xx_hal_msp.o
LOAD ./DataLog/User/stm32l4xx_it.o
LOAD ./DataLog/User/syscalls.o
LOAD ./DataLog/User/usbd_cdc_interface.o
LOAD ./DataLog/User/usbd_conf.o
LOAD ./DataLog/User/usbd_desc.o
LOAD ./Drivers/BSP/Components/HTS221_Driver.o
LOAD ./Drivers/BSP/Components/HTS221_Driver_HL.o
LOAD ./Drivers/BSP/Components/LPS22HB_Driver.o
LOAD ./Drivers/BSP/Components/LPS22HB_Driver_HL.o
LOAD ./Drivers/BSP/Components/LSM303AGR_ACC_driver.o
LOAD ./Drivers/BSP/Components/LSM303AGR_ACC_driver_HL.o
LOAD ./Drivers/BSP/Components/LSM303AGR_MAG_driver.o
LOAD ./Drivers/BSP/Components/LSM303AGR_MAG_driver_HL.o
LOAD ./Drivers/BSP/Components/LSM6DSM_ACC_GYRO_driver.o
LOAD ./Drivers/BSP/Components/LSM6DSM_ACC_GYRO_driver_HL.o
LOAD ./Drivers/BSP/Components/STC3115_Driver.o
LOAD ./Drivers/BSP/SensorTile/SensorTile.o
LOAD ./Drivers/BSP/SensorTile/SensorTile_accelero.o
LOAD ./Drivers/BSP/SensorTile/SensorTile_gg.o
LOAD ./Drivers/BSP/SensorTile/SensorTile_gyro.o
LOAD ./Drivers/BSP/SensorTile/SensorTile_humidity.o
LOAD ./Drivers/BSP/SensorTile/SensorTile_magneto.o
LOAD ./Drivers/BSP/SensorTile/SensorTile_pressure.o
LOAD ./Drivers/BSP/SensorTile/SensorTile_sd.o
LOAD ./Drivers/BSP/SensorTile/SensorTile_temperature.o
LOAD ./Drivers/CMSIS/system_stm32l4xx.o
LOAD ./Drivers/STM32L4xx_HAL_Driver/stm32l4xx_hal.o
LOAD ./Drivers/STM32L4xx_HAL_Driver/stm32l4xx_hal_cortex.o
LOAD ./Drivers/STM32L4xx_HAL_Driver/stm32l4xx_hal_dma.o
LOAD ./Drivers/STM32L4xx_HAL_Driver/stm32l4xx_hal_gpio.o
LOAD ./Drivers/STM32L4xx_HAL_Driver/stm32l4xx_hal_i2c.o
LOAD ./Drivers/STM32L4xx_HAL_Driver/stm32l4xx_hal_i2c_ex.o
LOAD ./Drivers/STM32L4xx_HAL_Driver/stm32l4xx_hal_pcd.o
LOAD ./Drivers/STM32L4xx_HAL_Driver/stm32l4xx_hal_pcd_ex.o
LOAD ./Drivers/STM32L4xx_HAL_Driver/stm32l4xx_hal_pwr.o
LOAD ./Drivers/STM32L4xx_HAL_Driver/stm32l4xx_hal_pwr_ex.o
LOAD ./Drivers/STM32L4xx_HAL_Driver/stm32l4xx_hal_rcc.o
LOAD ./Drivers/STM32L4xx_HAL_Driver/stm32l4xx_hal_rcc_ex.o
LOAD ./Drivers/STM32L4xx_HAL_Driver/stm32l4xx_hal_rtc.o
LOAD ./Drivers/STM32L4xx_HAL_Driver/stm32l4xx_hal_rtc_ex.o
LOAD ./Drivers/STM32L4xx_HAL_Driver/stm32l4xx_hal_spi.o
LOAD ./Drivers/STM32L4xx_HAL_Driver/stm32l4xx_hal_spi_ex.o
LOAD ./Drivers/STM32L4xx_HAL_Driver/stm32l4xx_hal_tim.o
LOAD ./Drivers/STM32L4xx_HAL_Driver/stm32l4xx_hal_tim_ex.o
LOAD ./Drivers/STM32L4xx_HAL_Driver/stm32l4xx_ll_usb.o
LOAD ./Middlewares/FatFs/diskio.o
LOAD ./Middlewares/FatFs/ff.o
LOAD ./Middlewares/FatFs/ff_gen_drv.o
LOAD ./Middlewares/FatFs/sd_diskio.o
LOAD ./Middlewares/FatFs/syscall.o
LOAD ./Middlewares/FatFs/unicode.o
LOAD ./Middlewares/STM32_USBD_Library/Class/usbd_cdc.o
LOAD ./Middlewares/STM32_USBD_Library/Core/usbd_core.o
LOAD ./Middlewares/STM32_USBD_Library/Core/usbd_ctlreq.o
LOAD ./Middlewares/STM32_USBD_Library/Core/usbd_ioreq.o
START GROUP
LOAD c:/st/stm32cubeide_1.10.1/stm32cubeide/plugins/com.st.stm32cube.ide.mcu.externaltools.gnu-tools-for-stm32.10.3-2021.10.win32_1.0.0.202111181127/tools/bin/../lib/gcc/arm-none-eabi/10.3.1/../../../../arm-none-eabi/lib/thumb/v7e-m+fp/hard\libc_nano.a
LOAD c:/st/stm32cubeide_1.10.1/stm32cubeide/plugins/com.st.stm32cube.ide.mcu.externaltools.gnu-tools-for-stm32.10.3-2021.10.win32_1.0.0.202111181127/tools/bin/../lib/gcc/arm-none-eabi/10.3.1/../../../../arm-none-eabi/lib/thumb/v7e-m+fp/hard\libm.a
END GROUP
START GROUP
LOAD c:/st/stm32cubeide_1.10.1/stm32cubeide/plugins/com.st.stm32cube.ide.mcu.externaltools.gnu-tools-for-stm32.10.3-2021.10.win32_1.0.0.202111181127/tools/bin/../lib/gcc/arm-none-eabi/10.3.1/thumb/v7e-m+fp/hard\libgcc.a
LOAD c:/st/stm32cubeide_1.10.1/stm32cubeide/plugins/com.st.stm32cube.ide.mcu.externaltools.gnu-tools-for-stm32.10.3-2021.10.win32_1.0.0.202111181127/tools/bin/../lib/gcc/arm-none-eabi/10.3.1/../../../../arm-none-eabi/lib/thumb/v7e-m+fp/hard\libc_nano.a
END GROUP
START GROUP
LOAD c:/st/stm32cubeide_1.10.1/stm32cubeide/plugins/com.st.stm32cube.ide.mcu.externaltools.gnu-tools-for-stm32.10.3-2021.10.win32_1.0.0.202111181127/tools/bin/../lib/gcc/arm-none-eabi/10.3.1/thumb/v7e-m+fp/hard\libgcc.a
LOAD c:/st/stm32cubeide_1.10.1/stm32cubeide/plugins/com.st.stm32cube.ide.mcu.externaltools.gnu-tools-for-stm32.10.3-2021.10.win32_1.0.0.202111181127/tools/bin/../lib/gcc/arm-none-eabi/10.3.1/../../../../arm-none-eabi/lib/thumb/v7e-m+fp/hard\libc_nano.a
END GROUP
LOAD c:/st/stm32cubeide_1.10.1/stm32cubeide/plugins/com.st.stm32cube.ide.mcu.externaltools.gnu-tools-for-stm32.10.3-2021.10.win32_1.0.0.202111181127/tools/bin/../lib/gcc/arm-none-eabi/10.3.1/thumb/v7e-m+fp/hard/crtend.o
LOAD c:/st/stm32cubeide_1.10.1/stm32cubeide/plugins/com.st.stm32cube.ide.mcu.externaltools.gnu-tools-for-stm32.10.3-2021.10.win32_1.0.0.202111181127/tools/bin/../lib/gcc/arm-none-eabi/10.3.1/thumb/v7e-m+fp/hard/crtn.o
                0x0000000020017fff                _estack = 0x20017fff
                0x0000000000002000                _Min_Heap_Size = 0x2000
                0x0000000000002000                _Min_Stack_Size = 0x2000

.isr_vector     0x0000000008004000      0x188
                0x0000000008004000                . = ALIGN (0x8)
 *(.isr_vector)
 .isr_vector    0x0000000008004000      0x188 ./DataLog/SW4STM32/startup_stm32l476xx.o
                0x0000000008004000                g_pfnVectors
                0x0000000008004188                . = ALIGN (0x8)

.text           0x0000000008004190    0x1d8d0
                0x0000000008004190                . = ALIGN (0x8)
 *(.text)
 .text          0x0000000008004190       0x40 c:/st/stm32cubeide_1.10.1/stm32cubeide/plugins/com.st.stm32cube.ide.mcu.externaltools.gnu-tools-for-stm32.10.3-2021.10.win32_1.0.0.202111181127/tools/bin/../lib/gcc/arm-none-eabi/10.3.1/thumb/v7e-m+fp/hard/crtbegin.o
 .text          0x00000000080041d0       0x10 c:/st/stm32cubeide_1.10.1/stm32cubeide/plugins/com.st.stm32cube.ide.mcu.externaltools.gnu-tools-for-stm32.10.3-2021.10.win32_1.0.0.202111181127/tools/bin/../lib/gcc/arm-none-eabi/10.3.1/../../../../arm-none-eabi/lib/thumb/v7e-m+fp/hard\libc_nano.a(lib_a-strlen.o)
                0x00000000080041d0                strlen
 .text          0x00000000080041e0       0xa0 c:/st/stm32cubeide_1.10.1/stm32cubeide/plugins/com.st.stm32cube.ide.mcu.externaltools.gnu-tools-for-stm32.10.3-2021.10.win32_1.0.0.202111181127/tools/bin/../lib/gcc/arm-none-eabi/10.3.1/../../../../arm-none-eabi/lib/thumb/v7e-m+fp/hard\libc_nano.a(lib_a-memchr.o)
                0x00000000080041e0                memchr
 .text          0x0000000008004280      0x378 c:/st/stm32cubeide_1.10.1/stm32cubeide/plugins/com.st.stm32cube.ide.mcu.externaltools.gnu-tools-for-stm32.10.3-2021.10.win32_1.0.0.202111181127/tools/bin/../lib/gcc/arm-none-eabi/10.3.1/thumb/v7e-m+fp/hard\libgcc.a(_arm_addsubdf3.o)
                0x0000000008004280                __aeabi_drsub
                0x0000000008004288                __aeabi_dsub
                0x0000000008004288                __subdf3
                0x000000000800428c                __aeabi_dadd
                0x000000000800428c                __adddf3
                0x0000000008004504                __floatunsidf
                0x0000000008004504                __aeabi_ui2d
                0x0000000008004524                __floatsidf
                0x0000000008004524                __aeabi_i2d
                0x0000000008004548                __aeabi_f2d
                0x0000000008004548                __extendsfdf2
                0x000000000800458c                __floatundidf
                0x000000000800458c                __aeabi_ul2d
                0x000000000800459c                __floatdidf
                0x000000000800459c                __aeabi_l2d
 .text          0x00000000080045f8      0x424 c:/st/stm32cubeide_1.10.1/stm32cubeide/plugins/com.st.stm32cube.ide.mcu.externaltools.gnu-tools-for-stm32.10.3-2021.10.win32_1.0.0.202111181127/tools/bin/../lib/gcc/arm-none-eabi/10.3.1/thumb/v7e-m+fp/hard\libgcc.a(_arm_muldivdf3.o)
                0x00000000080045f8                __aeabi_dmul
                0x00000000080045f8                __muldf3
                0x000000000800484c                __divdf3
                0x000000000800484c                __aeabi_ddiv
 .text          0x0000000008004a1c      0x110 c:/st/stm32cubeide_1.10.1/stm32cubeide/plugins/com.st.stm32cube.ide.mcu.externaltools.gnu-tools-for-stm32.10.3-2021.10.win32_1.0.0.202111181127/tools/bin/../lib/gcc/arm-none-eabi/10.3.1/thumb/v7e-m+fp/hard\libgcc.a(_arm_cmpdf2.o)
                0x0000000008004a1c                __gtdf2
                0x0000000008004a1c                __gedf2
                0x0000000008004a24                __ltdf2
                0x0000000008004a24                __ledf2
                0x0000000008004a2c                __nedf2
                0x0000000008004a2c                __eqdf2
                0x0000000008004a2c                __cmpdf2
                0x0000000008004aa8                __aeabi_cdrcmple
                0x0000000008004ab8                __aeabi_cdcmpeq
                0x0000000008004ab8                __aeabi_cdcmple
                0x0000000008004ac8                __aeabi_dcmpeq
                0x0000000008004adc                __aeabi_dcmplt
                0x0000000008004af0                __aeabi_dcmple
                0x0000000008004b04                __aeabi_dcmpge
                0x0000000008004b18                __aeabi_dcmpgt
 .text          0x0000000008004b2c       0x2c c:/st/stm32cubeide_1.10.1/stm32cubeide/plugins/com.st.stm32cube.ide.mcu.externaltools.gnu-tools-for-stm32.10.3-2021.10.win32_1.0.0.202111181127/tools/bin/../lib/gcc/arm-none-eabi/10.3.1/thumb/v7e-m+fp/hard\libgcc.a(_arm_unorddf2.o)
                0x0000000008004b2c                __unorddf2
                0x0000000008004b2c                __aeabi_dcmpun
 .text          0x0000000008004b58       0x50 c:/st/stm32cubeide_1.10.1/stm32cubeide/plugins/com.st.stm32cube.ide.mcu.externaltools.gnu-tools-for-stm32.10.3-2021.10.win32_1.0.0.202111181127/tools/bin/../lib/gcc/arm-none-eabi/10.3.1/thumb/v7e-m+fp/hard\libgcc.a(_arm_fixdfsi.o)
                0x0000000008004b58                __aeabi_d2iz
                0x0000000008004b58                __fixdfsi
 .text          0x0000000008004ba8       0x40 c:/st/stm32cubeide_1.10.1/stm32cubeide/plugins/com.st.stm32cube.ide.mcu.externaltools.gnu-tools-for-stm32.10.3-2021.10.win32_1.0.0.202111181127/tools/bin/../lib/gcc/arm-none-eabi/10.3.1/thumb/v7e-m+fp/hard\libgcc.a(_arm_fixunsdfsi.o)
                0x0000000008004ba8                __aeabi_d2uiz
                0x0000000008004ba8                __fixunsdfsi
 .text          0x0000000008004be8       0xa0 c:/st/stm32cubeide_1.10.1/stm32cubeide/plugins/com.st.stm32cube.ide.mcu.externaltools.gnu-tools-for-stm32.10.3-2021.10.win32_1.0.0.202111181127/tools/bin/../lib/gcc/arm-none-eabi/10.3.1/thumb/v7e-m+fp/hard\libgcc.a(_arm_truncdfsf2.o)
                0x0000000008004be8                __truncdfsf2
                0x0000000008004be8                __aeabi_d2f
 .text          0x0000000008004c88       0xa0 c:/st/stm32cubeide_1.10.1/stm32cubeide/plugins/com.st.stm32cube.ide.mcu.externaltools.gnu-tools-for-stm32.10.3-2021.10.win32_1.0.0.202111181127/tools/bin/../lib/gcc/arm-none-eabi/10.3.1/thumb/v7e-m+fp/hard\libgcc.a(_aeabi_ldivmod.o)
                0x0000000008004c88                __aeabi_ldivmod
 .text          0x0000000008004d28       0x30 c:/st/stm32cubeide_1.10.1/stm32cubeide/plugins/com.st.stm32cube.ide.mcu.externaltools.gnu-tools-for-stm32.10.3-2021.10.win32_1.0.0.202111181127/tools/bin/../lib/gcc/arm-none-eabi/10.3.1/thumb/v7e-m+fp/hard\libgcc.a(_fixdfdi.o)
                0x0000000008004d28                __fixdfdi
                0x0000000008004d28                __aeabi_d2lz
 .text          0x0000000008004d58       0x3c c:/st/stm32cubeide_1.10.1/stm32cubeide/plugins/com.st.stm32cube.ide.mcu.externaltools.gnu-tools-for-stm32.10.3-2021.10.win32_1.0.0.202111181127/tools/bin/../lib/gcc/arm-none-eabi/10.3.1/thumb/v7e-m+fp/hard\libgcc.a(_fixunsdfdi.o)
                0x0000000008004d58                __fixunsdfdi
                0x0000000008004d58                __aeabi_d2ulz
 .text          0x0000000008004d94      0x2d0 c:/st/stm32cubeide_1.10.1/stm32cubeide/plugins/com.st.stm32cube.ide.mcu.externaltools.gnu-tools-for-stm32.10.3-2021.10.win32_1.0.0.202111181127/tools/bin/../lib/gcc/arm-none-eabi/10.3.1/thumb/v7e-m+fp/hard\libgcc.a(_udivmoddi4.o)
                0x0000000008004d94                __udivmoddi4
 .text          0x0000000008005064        0x4 c:/st/stm32cubeide_1.10.1/stm32cubeide/plugins/com.st.stm32cube.ide.mcu.externaltools.gnu-tools-for-stm32.10.3-2021.10.win32_1.0.0.202111181127/tools/bin/../lib/gcc/arm-none-eabi/10.3.1/thumb/v7e-m+fp/hard\libgcc.a(_dvmd_tls.o)
                0x0000000008005064                __aeabi_idiv0
                0x0000000008005064                __aeabi_ldiv0
 *(.text*)
 .text.Reset_Handler
                0x0000000008005068       0x50 ./DataLog/SW4STM32/startup_stm32l476xx.o
                0x0000000008005068                Reset_Handler
 .text.Default_Handler
                0x00000000080050b8        0x2 ./DataLog/SW4STM32/startup_stm32l476xx.o
                0x00000000080050b8                RTC_Alarm_IRQHandler
                0x00000000080050b8                TIM8_TRG_COM_IRQHandler
                0x00000000080050b8                TIM8_CC_IRQHandler
                0x00000000080050b8                TIM1_CC_IRQHandler
                0x00000000080050b8                TSC_IRQHandler
                0x00000000080050b8                TAMP_STAMP_IRQHandler
                0x00000000080050b8                PendSV_Handler
                0x00000000080050b8                EXTI3_IRQHandler
                0x00000000080050b8                LPTIM2_IRQHandler
                0x00000000080050b8                DFSDM1_FLT1_IRQHandler
                0x00000000080050b8                I2C3_ER_IRQHandler
                0x00000000080050b8                DFSDM1_FLT2_IRQHandler
                0x00000000080050b8                EXTI0_IRQHandler
                0x00000000080050b8                I2C2_EV_IRQHandler
                0x00000000080050b8                CAN1_RX0_IRQHandler
                0x00000000080050b8                FPU_IRQHandler
                0x00000000080050b8                TIM1_UP_TIM16_IRQHandler
                0x00000000080050b8                UsageFault_Handler
                0x00000000080050b8                ADC1_2_IRQHandler
                0x00000000080050b8                SPI1_IRQHandler
                0x00000000080050b8                TIM6_DAC_IRQHandler
                0x00000000080050b8                TIM8_UP_IRQHandler
                0x00000000080050b8                DMA2_Channel2_IRQHandler
                0x00000000080050b8                DMA1_Channel4_IRQHandler
                0x00000000080050b8                SAI2_IRQHandler
                0x00000000080050b8                DFSDM1_FLT3_IRQHandler
                0x00000000080050b8                USART3_IRQHandler
                0x00000000080050b8                DMA1_Channel7_IRQHandler
                0x00000000080050b8                CAN1_RX1_IRQHandler
                0x00000000080050b8                LCD_IRQHandler
                0x00000000080050b8                UART5_IRQHandler
                0x00000000080050b8                ADC3_IRQHandler
                0x00000000080050b8                TIM4_IRQHandler
                0x00000000080050b8                DMA2_Channel1_IRQHandler
                0x00000000080050b8                QUADSPI_IRQHandler
                0x00000000080050b8                I2C1_EV_IRQHandler
                0x00000000080050b8                DMA1_Channel6_IRQHandler
                0x00000000080050b8                UART4_IRQHandler
                0x00000000080050b8                DMA2_Channel4_IRQHandler
                0x00000000080050b8                RCC_IRQHandler
                0x00000000080050b8                DMA1_Channel1_IRQHandler
                0x00000000080050b8                Default_Handler
                0x00000000080050b8                DMA2_Channel7_IRQHandler
                0x00000000080050b8                EXTI15_10_IRQHandler
                0x00000000080050b8                TIM7_IRQHandler
                0x00000000080050b8                SDMMC1_IRQHandler
                0x00000000080050b8                TIM5_IRQHandler
                0x00000000080050b8                I2C3_EV_IRQHandler
                0x00000000080050b8                EXTI9_5_IRQHandler
                0x00000000080050b8                RTC_WKUP_IRQHandler
                0x00000000080050b8                PVD_PVM_IRQHandler
                0x00000000080050b8                SPI2_IRQHandler
                0x00000000080050b8                MemManage_Handler
                0x00000000080050b8                CAN1_TX_IRQHandler
                0x00000000080050b8                SVC_Handler
                0x00000000080050b8                DMA2_Channel5_IRQHandler
                0x00000000080050b8                DMA1_Channel5_IRQHandler
                0x00000000080050b8                EXTI4_IRQHandler
                0x00000000080050b8                RNG_IRQHandler
                0x00000000080050b8                TIM1_TRG_COM_TIM17_IRQHandler
                0x00000000080050b8                DMA1_Channel3_IRQHandler
                0x00000000080050b8                COMP_IRQHandler
                0x00000000080050b8                WWDG_IRQHandler
                0x00000000080050b8                LPUART1_IRQHandler
                0x00000000080050b8                DMA2_Channel6_IRQHandler
                0x00000000080050b8                TIM2_IRQHandler
                0x00000000080050b8                EXTI1_IRQHandler
                0x00000000080050b8                USART2_IRQHandler
                0x00000000080050b8                DFSDM1_FLT0_IRQHandler
                0x00000000080050b8                I2C2_ER_IRQHandler
                0x00000000080050b8                DMA1_Channel2_IRQHandler
                0x00000000080050b8                TIM8_BRK_IRQHandler
                0x00000000080050b8                CAN1_SCE_IRQHandler
                0x00000000080050b8                FLASH_IRQHandler
                0x00000000080050b8                BusFault_Handler
                0x00000000080050b8                USART1_IRQHandler
                0x00000000080050b8                SPI3_IRQHandler
                0x00000000080050b8                I2C1_ER_IRQHandler
                0x00000000080050b8                FMC_IRQHandler
                0x00000000080050b8                SWPMI1_IRQHandler
                0x00000000080050b8                LPTIM1_IRQHandler
                0x00000000080050b8                SAI1_IRQHandler
                0x00000000080050b8                DMA2_Channel3_IRQHandler
                0x00000000080050b8                TIM1_BRK_TIM15_IRQHandler
 *fill*         0x00000000080050ba        0x2 
 .text.SystemClock_Config
                0x00000000080050bc      0x144 ./DataLog/User/cube_hal_l4.o
                0x00000000080050bc                SystemClock_Config
 .text.Error_Handler
                0x0000000008005200        0x6 ./DataLog/User/cube_hal_l4.o
 *fill*         0x0000000008005206        0x2 
 .text.DATALOG_SD_Init
                0x0000000008005208       0x54 ./DataLog/User/datalog_application.o
                0x0000000008005208                DATALOG_SD_Init
 .text.BP_ANN   0x000000000800525c      0x97e ./DataLog/User/embeddedML.o
                0x000000000800525c                BP_ANN
 .text.train_ann
                0x0000000008005bda       0x9a ./DataLog/User/embeddedML.o
                0x0000000008005bda                train_ann
 .text.FP_ANN   0x0000000008005c74      0x22a ./DataLog/User/embeddedML.o
                0x0000000008005c74                FP_ANN
 .text.run_ann  0x0000000008005e9e       0x24 ./DataLog/User/embeddedML.o
                0x0000000008005e9e                run_ann
 *fill*         0x0000000008005ec2        0x2 
 .text.init_ann
                0x0000000008005ec4       0x8c ./DataLog/User/embeddedML.o
                0x0000000008005ec4                init_ann
 .text.fill_zeros
                0x0000000008005f50       0x3a ./DataLog/User/embeddedML.o
                0x0000000008005f50                fill_zeros
 .text.fill_number
                0x0000000008005f8a       0x3c ./DataLog/User/embeddedML.o
                0x0000000008005f8a                fill_number
 *fill*         0x0000000008005fc6        0x2 
 .text.relu     0x0000000008005fc8       0x88 ./DataLog/User/embeddedML.o
                0x0000000008005fc8                relu
 .text.relu2    0x0000000008006050       0xb8 ./DataLog/User/embeddedML.o
                0x0000000008006050                relu2
 .text.relu_derivative
                0x0000000008006108       0x50 ./DataLog/User/embeddedML.o
                0x0000000008006108                relu_derivative
 .text.relu2_derivative
                0x0000000008006158       0x50 ./DataLog/User/embeddedML.o
                0x0000000008006158                relu2_derivative
 .text.getAngularVelocity
                0x00000000080061a8       0x64 ./DataLog/User/main.o
                0x00000000080061a8                getAngularVelocity
 .text.motion_softmax
                0x000000000800620c      0x15c ./DataLog/User/main.o
                0x000000000800620c                motion_softmax
 .text.LED_Code_Blink
                0x0000000008006368       0xa4 ./DataLog/User/main.o
                0x0000000008006368                LED_Code_Blink
 .text.getAccel
                0x000000000800640c       0x64 ./DataLog/User/main.o
                0x000000000800640c                getAccel
 .text.Feature_Extraction_State_0
                0x0000000008006470      0x188 ./DataLog/User/main.o
                0x0000000008006470                Feature_Extraction_State_0
 .text.Feature_Extraction_State_1
                0x00000000080065f8      0x36c ./DataLog/User/main.o
                0x00000000080065f8                Feature_Extraction_State_1
 *fill*         0x0000000008006964        0x4 
 .text.printOutput_ANN
                0x0000000008006968      0x5f4 ./DataLog/User/main.o
                0x0000000008006968                printOutput_ANN
 .text.TrainOrientation
                0x0000000008006f5c      0xc60 ./DataLog/User/main.o
                0x0000000008006f5c                TrainOrientation
 *fill*         0x0000000008007bbc        0x4 
 .text.Accel_Gyro_Sensor_Handler
                0x0000000008007bc0      0x4b8 ./DataLog/User/main.o
                0x0000000008007bc0                Accel_Gyro_Sensor_Handler
 .text.main     0x0000000008008078      0x354 ./DataLog/User/main.o
                0x0000000008008078                main
 .text.initializeAllSensors
                0x00000000080083cc       0xe8 ./DataLog/User/main.o
 .text.enableAllSensors
                0x00000000080084b4       0x88 ./DataLog/User/main.o
                0x00000000080084b4                enableAllSensors
 .text.RTC_Config
                0x000000000800853c       0x4c ./DataLog/User/main.o
 .text.RTC_TimeStampConfig
                0x0000000008008588       0x68 ./DataLog/User/main.o
 .text.HAL_GPIO_EXTI_Callback
                0x00000000080085f0       0x20 ./DataLog/User/main.o
                0x00000000080085f0                HAL_GPIO_EXTI_Callback
 .text.Error_Handler
                0x0000000008008610        0x6 ./DataLog/User/main.o
 *fill*         0x0000000008008616        0x2 
 .text.HAL_RTC_MspInit
                0x0000000008008618       0x34 ./DataLog/User/stm32l4xx_hal_msp.o
                0x0000000008008618                HAL_RTC_MspInit
 .text.NMI_Handler
                0x000000000800864c        0xe ./DataLog/User/stm32l4xx_it.o
                0x000000000800864c                NMI_Handler
 .text.HardFault_Handler
                0x000000000800865a        0x6 ./DataLog/User/stm32l4xx_it.o
                0x000000000800865a                HardFault_Handler
 .text.DebugMon_Handler
                0x0000000008008660        0xe ./DataLog/User/stm32l4xx_it.o
                0x0000000008008660                DebugMon_Handler
 .text.SysTick_Handler
                0x000000000800866e        0xc ./DataLog/User/stm32l4xx_it.o
                0x000000000800866e                SysTick_Handler
 *fill*         0x000000000800867a        0x2 
 .text.OTG_FS_IRQHandler
                0x000000000800867c       0x14 ./DataLog/User/stm32l4xx_it.o
                0x000000000800867c                OTG_FS_IRQHandler
 .text.TIM3_IRQHandler
                0x0000000008008690       0x14 ./DataLog/User/stm32l4xx_it.o
                0x0000000008008690                TIM3_IRQHandler
 .text.EXTI2_IRQHandler
                0x00000000080086a4        0xe ./DataLog/User/stm32l4xx_it.o
                0x00000000080086a4                EXTI2_IRQHandler
 *fill*         0x00000000080086b2        0x2 
 .text._sbrk    0x00000000080086b4       0x58 ./DataLog/User/syscalls.o
                0x00000000080086b4                _sbrk
 .text._getpid  0x000000000800870c       0x10 ./DataLog/User/syscalls.o
                0x000000000800870c                _getpid
 .text._kill    0x000000000800871c       0x20 ./DataLog/User/syscalls.o
                0x000000000800871c                _kill
 .text._exit    0x000000000800873c       0x14 ./DataLog/User/syscalls.o
                0x000000000800873c                _exit
 .text._write   0x0000000008008750       0x38 ./DataLog/User/syscalls.o
                0x0000000008008750                _write
 .text._close   0x0000000008008788       0x18 ./DataLog/User/syscalls.o
                0x0000000008008788                _close
 .text._fstat   0x00000000080087a0       0x20 ./DataLog/User/syscalls.o
                0x00000000080087a0                _fstat
 .text._isatty  0x00000000080087c0       0x16 ./DataLog/User/syscalls.o
                0x00000000080087c0                _isatty
 .text._lseek   0x00000000080087d6       0x1a ./DataLog/User/syscalls.o
                0x00000000080087d6                _lseek
 .text._read    0x00000000080087f0       0x22 ./DataLog/User/syscalls.o
                0x00000000080087f0                _read
 *fill*         0x0000000008008812        0x2 
 .text.CDC_Itf_Init
                0x0000000008008814       0x74 ./DataLog/User/usbd_cdc_interface.o
 .text.CDC_Itf_DeInit
                0x0000000008008888       0x10 ./DataLog/User/usbd_cdc_interface.o
 .text.CDC_Itf_Control
                0x0000000008008898      0x15c ./DataLog/User/usbd_cdc_interface.o
 .text.CDC_Fill_Buffer
                0x00000000080089f4       0x54 ./DataLog/User/usbd_cdc_interface.o
                0x00000000080089f4                CDC_Fill_Buffer
 .text.HAL_TIM_PeriodElapsedCallback
                0x0000000008008a48       0x90 ./DataLog/User/usbd_cdc_interface.o
                0x0000000008008a48                HAL_TIM_PeriodElapsedCallback
 .text.CDC_Itf_Receive
                0x0000000008008ad8       0x18 ./DataLog/User/usbd_cdc_interface.o
 .text.TIM_Config
                0x0000000008008af0       0x40 ./DataLog/User/usbd_cdc_interface.o
 .text.Error_Handler
                0x0000000008008b30        0xe ./DataLog/User/usbd_cdc_interface.o
 *fill*         0x0000000008008b3e        0x2 
 .text.HAL_PCD_MspInit
                0x0000000008008b40       0x78 ./DataLog/User/usbd_conf.o
                0x0000000008008b40                HAL_PCD_MspInit
 .text.HAL_PCD_SetupStageCallback
                0x0000000008008bb8       0x24 ./DataLog/User/usbd_conf.o
                0x0000000008008bb8                HAL_PCD_SetupStageCallback
 .text.HAL_PCD_DataOutStageCallback
                0x0000000008008bdc       0x36 ./DataLog/User/usbd_conf.o
                0x0000000008008bdc                HAL_PCD_DataOutStageCallback
 .text.HAL_PCD_DataInStageCallback
                0x0000000008008c12       0x34 ./DataLog/User/usbd_conf.o
                0x0000000008008c12                HAL_PCD_DataInStageCallback
 .text.HAL_PCD_SOFCallback
                0x0000000008008c46       0x1c ./DataLog/User/usbd_conf.o
                0x0000000008008c46                HAL_PCD_SOFCallback
 .text.HAL_PCD_ResetCallback
                0x0000000008008c62       0x2a ./DataLog/User/usbd_conf.o
                0x0000000008008c62                HAL_PCD_ResetCallback
 .text.HAL_PCD_SuspendCallback
                0x0000000008008c8c       0x1c ./DataLog/User/usbd_conf.o
                0x0000000008008c8c                HAL_PCD_SuspendCallback
 .text.HAL_PCD_ResumeCallback
                0x0000000008008ca8       0x1c ./DataLog/User/usbd_conf.o
                0x0000000008008ca8                HAL_PCD_ResumeCallback
 .text.HAL_PCD_ISOOUTIncompleteCallback
                0x0000000008008cc4       0x24 ./DataLog/User/usbd_conf.o
                0x0000000008008cc4                HAL_PCD_ISOOUTIncompleteCallback
 .text.HAL_PCD_ISOINIncompleteCallback
                0x0000000008008ce8       0x24 ./DataLog/User/usbd_conf.o
                0x0000000008008ce8                HAL_PCD_ISOINIncompleteCallback
 .text.HAL_PCD_ConnectCallback
                0x0000000008008d0c       0x1c ./DataLog/User/usbd_conf.o
                0x0000000008008d0c                HAL_PCD_ConnectCallback
 .text.HAL_PCD_DisconnectCallback
                0x0000000008008d28       0x1c ./DataLog/User/usbd_conf.o
                0x0000000008008d28                HAL_PCD_DisconnectCallback
 .text.USBD_LL_Init
                0x0000000008008d44       0x94 ./DataLog/User/usbd_conf.o
                0x0000000008008d44                USBD_LL_Init
 .text.USBD_LL_Start
                0x0000000008008dd8       0x1e ./DataLog/User/usbd_conf.o
                0x0000000008008dd8                USBD_LL_Start
 .text.USBD_LL_OpenEP
                0x0000000008008df6       0x34 ./DataLog/User/usbd_conf.o
                0x0000000008008df6                USBD_LL_OpenEP
 .text.USBD_LL_CloseEP
                0x0000000008008e2a       0x26 ./DataLog/User/usbd_conf.o
                0x0000000008008e2a                USBD_LL_CloseEP
 .text.USBD_LL_StallEP
                0x0000000008008e50       0x26 ./DataLog/User/usbd_conf.o
                0x0000000008008e50                USBD_LL_StallEP
 .text.USBD_LL_ClearStallEP
                0x0000000008008e76       0x26 ./DataLog/User/usbd_conf.o
                0x0000000008008e76                USBD_LL_ClearStallEP
 .text.USBD_LL_IsStallEP
                0x0000000008008e9c       0x58 ./DataLog/User/usbd_conf.o
                0x0000000008008e9c                USBD_LL_IsStallEP
 .text.USBD_LL_SetUSBAddress
                0x0000000008008ef4       0x26 ./DataLog/User/usbd_conf.o
                0x0000000008008ef4                USBD_LL_SetUSBAddress
 .text.USBD_LL_Transmit
                0x0000000008008f1a       0x2e ./DataLog/User/usbd_conf.o
                0x0000000008008f1a                USBD_LL_Transmit
 .text.USBD_LL_PrepareReceive
                0x0000000008008f48       0x2e ./DataLog/User/usbd_conf.o
                0x0000000008008f48                USBD_LL_PrepareReceive
 .text.USBD_LL_GetRxDataSize
                0x0000000008008f76       0x26 ./DataLog/User/usbd_conf.o
                0x0000000008008f76                USBD_LL_GetRxDataSize
 .text.USBD_VCP_DeviceDescriptor
                0x0000000008008f9c       0x24 ./DataLog/User/usbd_desc.o
                0x0000000008008f9c                USBD_VCP_DeviceDescriptor
 .text.USBD_VCP_LangIDStrDescriptor
                0x0000000008008fc0       0x24 ./DataLog/User/usbd_desc.o
                0x0000000008008fc0                USBD_VCP_LangIDStrDescriptor
 .text.USBD_VCP_ProductStrDescriptor
                0x0000000008008fe4       0x28 ./DataLog/User/usbd_desc.o
                0x0000000008008fe4                USBD_VCP_ProductStrDescriptor
 .text.USBD_VCP_ManufacturerStrDescriptor
                0x000000000800900c       0x28 ./DataLog/User/usbd_desc.o
                0x000000000800900c                USBD_VCP_ManufacturerStrDescriptor
 .text.USBD_VCP_SerialStrDescriptor
                0x0000000008009034       0x24 ./DataLog/User/usbd_desc.o
                0x0000000008009034                USBD_VCP_SerialStrDescriptor
 .text.USBD_VCP_ConfigStrDescriptor
                0x0000000008009058       0x28 ./DataLog/User/usbd_desc.o
                0x0000000008009058                USBD_VCP_ConfigStrDescriptor
 .text.USBD_VCP_InterfaceStrDescriptor
                0x0000000008009080       0x28 ./DataLog/User/usbd_desc.o
                0x0000000008009080                USBD_VCP_InterfaceStrDescriptor
 .text.Get_SerialNum
                0x00000000080090a8       0x58 ./DataLog/User/usbd_desc.o
 .text.IntToUnicode
                0x0000000008009100       0x7e ./DataLog/User/usbd_desc.o
 .text.HTS221_ReadReg
                0x000000000800917e       0x32 ./Drivers/BSP/Components/HTS221_Driver.o
                0x000000000800917e                HTS221_ReadReg
 .text.HTS221_WriteReg
                0x00000000080091b0       0x32 ./Drivers/BSP/Components/HTS221_Driver.o
                0x00000000080091b0                HTS221_WriteReg
 .text.HTS221_Get_DeviceID
                0x00000000080091e2       0x2a ./Drivers/BSP/Components/HTS221_Driver.o
                0x00000000080091e2                HTS221_Get_DeviceID
 .text.HTS221_Get_Humidity
                0x000000000800920c      0x150 ./Drivers/BSP/Components/HTS221_Driver.o
                0x000000000800920c                HTS221_Get_Humidity
 .text.HTS221_Get_Temperature
                0x000000000800935c      0x14a ./Drivers/BSP/Components/HTS221_Driver.o
                0x000000000800935c                HTS221_Get_Temperature
 .text.HTS221_Get_DataStatus
                0x00000000080094a6       0x48 ./Drivers/BSP/Components/HTS221_Driver.o
                0x00000000080094a6                HTS221_Get_DataStatus
 .text.HTS221_Activate
                0x00000000080094ee       0x4c ./Drivers/BSP/Components/HTS221_Driver.o
                0x00000000080094ee                HTS221_Activate
 .text.HTS221_DeActivate
                0x000000000800953a       0x4c ./Drivers/BSP/Components/HTS221_Driver.o
                0x000000000800953a                HTS221_DeActivate
 *fill*         0x0000000008009586        0x2 
 .text.HTS221_Set_BduMode
                0x0000000008009588       0x7c ./Drivers/BSP/Components/HTS221_Driver.o
                0x0000000008009588                HTS221_Set_BduMode
 .text.HTS221_Set_Odr
                0x0000000008009604       0x80 ./Drivers/BSP/Components/HTS221_Driver.o
                0x0000000008009604                HTS221_Set_Odr
 .text.HTS221_Get_Odr
                0x0000000008009684       0x3c ./Drivers/BSP/Components/HTS221_Driver.o
                0x0000000008009684                HTS221_Get_Odr
 .text.HTS221_assert_failed
                0x00000000080096c0       0x1c ./Drivers/BSP/Components/HTS221_Driver.o
                0x00000000080096c0                HTS221_assert_failed
 .text.HTS221_H_Init
                0x00000000080096dc       0x42 ./Drivers/BSP/Components/HTS221_Driver_HL.o
 .text.HTS221_H_DeInit
                0x000000000800971e       0x42 ./Drivers/BSP/Components/HTS221_Driver_HL.o
 .text.HTS221_H_Sensor_Enable
                0x0000000008009760       0x4e ./Drivers/BSP/Components/HTS221_Driver_HL.o
 .text.HTS221_H_Sensor_Disable
                0x00000000080097ae       0x4e ./Drivers/BSP/Components/HTS221_Driver_HL.o
 .text.HTS221_H_Get_WhoAmI
                0x00000000080097fc       0x1c ./Drivers/BSP/Components/HTS221_Driver_HL.o
 .text.HTS221_H_Check_WhoAmI
                0x0000000008009818       0x18 ./Drivers/BSP/Components/HTS221_Driver_HL.o
 .text.HTS221_H_Get_Hum
                0x0000000008009830       0x1c ./Drivers/BSP/Components/HTS221_Driver_HL.o
 .text.HTS221_H_Get_ODR
                0x000000000800984c       0x1c ./Drivers/BSP/Components/HTS221_Driver_HL.o
 .text.HTS221_H_Set_ODR
                0x0000000008009868       0x20 ./Drivers/BSP/Components/HTS221_Driver_HL.o
 .text.HTS221_H_Set_ODR_Value
                0x0000000008009888       0x20 ./Drivers/BSP/Components/HTS221_Driver_HL.o
 .text.HTS221_H_Read_Reg
                0x00000000080098a8       0x2e ./Drivers/BSP/Components/HTS221_Driver_HL.o
 .text.HTS221_H_Write_Reg
                0x00000000080098d6       0x30 ./Drivers/BSP/Components/HTS221_Driver_HL.o
 .text.HTS221_H_Get_DRDY_Status
                0x0000000008009906       0x4c ./Drivers/BSP/Components/HTS221_Driver_HL.o
 .text.HTS221_T_Init
                0x0000000008009952       0x42 ./Drivers/BSP/Components/HTS221_Driver_HL.o
 .text.HTS221_T_DeInit
                0x0000000008009994       0x42 ./Drivers/BSP/Components/HTS221_Driver_HL.o
 .text.HTS221_T_Sensor_Enable
                0x00000000080099d6       0x4e ./Drivers/BSP/Components/HTS221_Driver_HL.o
 .text.HTS221_T_Sensor_Disable
                0x0000000008009a24       0x4e ./Drivers/BSP/Components/HTS221_Driver_HL.o
 .text.HTS221_T_Get_WhoAmI
                0x0000000008009a72       0x1c ./Drivers/BSP/Components/HTS221_Driver_HL.o
 .text.HTS221_T_Check_WhoAmI
                0x0000000008009a8e       0x18 ./Drivers/BSP/Components/HTS221_Driver_HL.o
 .text.HTS221_T_Get_Temp
                0x0000000008009aa6       0x1c ./Drivers/BSP/Components/HTS221_Driver_HL.o
 .text.HTS221_T_Get_ODR
                0x0000000008009ac2       0x1c ./Drivers/BSP/Components/HTS221_Driver_HL.o
 .text.HTS221_T_Set_ODR
                0x0000000008009ade       0x20 ./Drivers/BSP/Components/HTS221_Driver_HL.o
 .text.HTS221_T_Set_ODR_Value
                0x0000000008009afe       0x20 ./Drivers/BSP/Components/HTS221_Driver_HL.o
 .text.HTS221_T_Read_Reg
                0x0000000008009b1e       0x2e ./Drivers/BSP/Components/HTS221_Driver_HL.o
 .text.HTS221_T_Write_Reg
                0x0000000008009b4c       0x30 ./Drivers/BSP/Components/HTS221_Driver_HL.o
 .text.HTS221_T_Get_DRDY_Status
                0x0000000008009b7c       0x4c ./Drivers/BSP/Components/HTS221_Driver_HL.o
 .text.HTS221_Init
                0x0000000008009bc8       0x56 ./Drivers/BSP/Components/HTS221_Driver_HL.o
 .text.HTS221_Sensor_Enable
                0x0000000008009c1e       0x22 ./Drivers/BSP/Components/HTS221_Driver_HL.o
 .text.HTS221_Sensor_Disable
                0x0000000008009c40       0x22 ./Drivers/BSP/Components/HTS221_Driver_HL.o
 .text.HTS221_Get_WhoAmI
                0x0000000008009c62       0x26 ./Drivers/BSP/Components/HTS221_Driver_HL.o
 .text.HTS221_Check_WhoAmI
                0x0000000008009c88       0x3a ./Drivers/BSP/Components/HTS221_Driver_HL.o
 .text.HTS221_Get_Hum
                0x0000000008009cc2       0x46 ./Drivers/BSP/Components/HTS221_Driver_HL.o
 .text.HTS221_Get_Temp
                0x0000000008009d08       0x48 ./Drivers/BSP/Components/HTS221_Driver_HL.o
 .text.HTS221_Get_ODR
                0x0000000008009d50       0x80 ./Drivers/BSP/Components/HTS221_Driver_HL.o
 .text.HTS221_Set_ODR
                0x0000000008009dd0       0x6c ./Drivers/BSP/Components/HTS221_Driver_HL.o
 .text.HTS221_Set_ODR_Value
                0x0000000008009e3c       0x5a ./Drivers/BSP/Components/HTS221_Driver_HL.o
 .text.HTS221_Read_Reg
                0x0000000008009e96       0x2e ./Drivers/BSP/Components/HTS221_Driver_HL.o
 .text.HTS221_Write_Reg
                0x0000000008009ec4       0x30 ./Drivers/BSP/Components/HTS221_Driver_HL.o
 .text.LPS22HB_ReadReg
                0x0000000008009ef4       0x32 ./Drivers/BSP/Components/LPS22HB_Driver.o
                0x0000000008009ef4                LPS22HB_ReadReg
 .text.LPS22HB_WriteReg
                0x0000000008009f26       0x32 ./Drivers/BSP/Components/LPS22HB_Driver.o
                0x0000000008009f26                LPS22HB_WriteReg
 .text.LPS22HB_Get_DeviceID
                0x0000000008009f58       0x2a ./Drivers/BSP/Components/LPS22HB_Driver.o
                0x0000000008009f58                LPS22HB_Get_DeviceID
 .text.LPS22HB_Set_PowerMode
                0x0000000008009f82       0x5a ./Drivers/BSP/Components/LPS22HB_Driver.o
                0x0000000008009f82                LPS22HB_Set_PowerMode
 .text.LPS22HB_Set_Odr
                0x0000000008009fdc       0x5a ./Drivers/BSP/Components/LPS22HB_Driver.o
                0x0000000008009fdc                LPS22HB_Set_Odr
 .text.LPS22HB_Get_Odr
                0x000000000800a036       0x38 ./Drivers/BSP/Components/LPS22HB_Driver.o
                0x000000000800a036                LPS22HB_Get_Odr
 .text.LPS22HB_Set_LowPassFilter
                0x000000000800a06e       0x62 ./Drivers/BSP/Components/LPS22HB_Driver.o
                0x000000000800a06e                LPS22HB_Set_LowPassFilter
 .text.LPS22HB_Set_LowPassFilterCutoff
                0x000000000800a0d0       0x5a ./Drivers/BSP/Components/LPS22HB_Driver.o
                0x000000000800a0d0                LPS22HB_Set_LowPassFilterCutoff
 .text.LPS22HB_Set_Bdu
                0x000000000800a12a       0x5a ./Drivers/BSP/Components/LPS22HB_Driver.o
                0x000000000800a12a                LPS22HB_Set_Bdu
 .text.LPS22HB_SwResetAndMemoryBoot
                0x000000000800a184       0x4c ./Drivers/BSP/Components/LPS22HB_Driver.o
                0x000000000800a184                LPS22HB_SwResetAndMemoryBoot
 .text.LPS22HB_Set_FifoModeUse
                0x000000000800a1d0       0x62 ./Drivers/BSP/Components/LPS22HB_Driver.o
                0x000000000800a1d0                LPS22HB_Set_FifoModeUse
 .text.LPS22HB_Set_FifoWatermarkLevelUse
                0x000000000800a232       0x62 ./Drivers/BSP/Components/LPS22HB_Driver.o
                0x000000000800a232                LPS22HB_Set_FifoWatermarkLevelUse
 .text.LPS22HB_Set_AutomaticIncrementRegAddress
                0x000000000800a294       0x62 ./Drivers/BSP/Components/LPS22HB_Driver.o
                0x000000000800a294                LPS22HB_Set_AutomaticIncrementRegAddress
 .text.LPS22HB_Set_I2C
                0x000000000800a2f6       0x66 ./Drivers/BSP/Components/LPS22HB_Driver.o
                0x000000000800a2f6                LPS22HB_Set_I2C
 .text.LPS22HB_Set_FIFO_OVR_Interrupt
                0x000000000800a35c       0x62 ./Drivers/BSP/Components/LPS22HB_Driver.o
                0x000000000800a35c                LPS22HB_Set_FIFO_OVR_Interrupt
 .text.LPS22HB_Set_FIFO_FTH_Interrupt
                0x000000000800a3be       0x62 ./Drivers/BSP/Components/LPS22HB_Driver.o
                0x000000000800a3be                LPS22HB_Set_FIFO_FTH_Interrupt
 .text.LPS22HB_Set_FIFO_FULL_Interrupt
                0x000000000800a420       0x62 ./Drivers/BSP/Components/LPS22HB_Driver.o
                0x000000000800a420                LPS22HB_Set_FIFO_FULL_Interrupt
 .text.LPS22HB_Get_DataStatus
                0x000000000800a482       0x64 ./Drivers/BSP/Components/LPS22HB_Driver.o
                0x000000000800a482                LPS22HB_Get_DataStatus
 .text.LPS22HB_Get_RawPressure
                0x000000000800a4e6       0x74 ./Drivers/BSP/Components/LPS22HB_Driver.o
                0x000000000800a4e6                LPS22HB_Get_RawPressure
 .text.LPS22HB_Get_Pressure
                0x000000000800a55a       0x42 ./Drivers/BSP/Components/LPS22HB_Driver.o
                0x000000000800a55a                LPS22HB_Get_Pressure
 .text.LPS22HB_Get_RawTemperature
                0x000000000800a59c       0x44 ./Drivers/BSP/Components/LPS22HB_Driver.o
                0x000000000800a59c                LPS22HB_Get_RawTemperature
 .text.LPS22HB_Get_Temperature
                0x000000000800a5e0       0x44 ./Drivers/BSP/Components/LPS22HB_Driver.o
                0x000000000800a5e0                LPS22HB_Get_Temperature
 .text.LPS22HB_Set_FifoMode
                0x000000000800a624       0x5a ./Drivers/BSP/Components/LPS22HB_Driver.o
                0x000000000800a624                LPS22HB_Set_FifoMode
 .text.LPS22HB_Get_FifoMode
                0x000000000800a67e       0x3c ./Drivers/BSP/Components/LPS22HB_Driver.o
                0x000000000800a67e                LPS22HB_Get_FifoMode
 .text.LPS22HB_Set_FifoWatermarkLevel
                0x000000000800a6ba       0x5a ./Drivers/BSP/Components/LPS22HB_Driver.o
                0x000000000800a6ba                LPS22HB_Set_FifoWatermarkLevel
 .text.LPS22HB_Get_FifoWatermarkLevel
                0x000000000800a714       0x38 ./Drivers/BSP/Components/LPS22HB_Driver.o
                0x000000000800a714                LPS22HB_Get_FifoWatermarkLevel
 .text.LPS22HB_Get_FifoStatus
                0x000000000800a74c       0x7e ./Drivers/BSP/Components/LPS22HB_Driver.o
                0x000000000800a74c                LPS22HB_Get_FifoStatus
 .text.LPS22HB_P_Init
                0x000000000800a7ca       0x42 ./Drivers/BSP/Components/LPS22HB_Driver_HL.o
 .text.LPS22HB_P_DeInit
                0x000000000800a80c       0x40 ./Drivers/BSP/Components/LPS22HB_Driver_HL.o
 .text.LPS22HB_P_Sensor_Enable
                0x000000000800a84c       0x50 ./Drivers/BSP/Components/LPS22HB_Driver_HL.o
 .text.LPS22HB_P_Sensor_Disable
                0x000000000800a89c       0x4e ./Drivers/BSP/Components/LPS22HB_Driver_HL.o
 .text.LPS22HB_P_Get_WhoAmI
                0x000000000800a8ea       0x1c ./Drivers/BSP/Components/LPS22HB_Driver_HL.o
 .text.LPS22HB_P_Check_WhoAmI
                0x000000000800a906       0x18 ./Drivers/BSP/Components/LPS22HB_Driver_HL.o
 .text.LPS22HB_P_Get_Press
                0x000000000800a91e       0x1c ./Drivers/BSP/Components/LPS22HB_Driver_HL.o
 .text.LPS22HB_P_Get_ODR
                0x000000000800a93a       0x1c ./Drivers/BSP/Components/LPS22HB_Driver_HL.o
 .text.LPS22HB_P_Set_ODR
                0x000000000800a956       0x54 ./Drivers/BSP/Components/LPS22HB_Driver_HL.o
 .text.LPS22HB_P_Set_ODR_Value
                0x000000000800a9aa       0x54 ./Drivers/BSP/Components/LPS22HB_Driver_HL.o
 .text.LPS22HB_P_Read_Reg
                0x000000000800a9fe       0x2e ./Drivers/BSP/Components/LPS22HB_Driver_HL.o
 .text.LPS22HB_P_Write_Reg
                0x000000000800aa2c       0x30 ./Drivers/BSP/Components/LPS22HB_Driver_HL.o
 .text.LPS22HB_P_Get_DRDY_Status
                0x000000000800aa5c       0x30 ./Drivers/BSP/Components/LPS22HB_Driver_HL.o
 .text.LPS22HB_T_Init
                0x000000000800aa8c       0x42 ./Drivers/BSP/Components/LPS22HB_Driver_HL.o
 .text.LPS22HB_T_DeInit
                0x000000000800aace       0x40 ./Drivers/BSP/Components/LPS22HB_Driver_HL.o
 .text.LPS22HB_T_Sensor_Enable
                0x000000000800ab0e       0x50 ./Drivers/BSP/Components/LPS22HB_Driver_HL.o
 .text.LPS22HB_T_Sensor_Disable
                0x000000000800ab5e       0x4e ./Drivers/BSP/Components/LPS22HB_Driver_HL.o
 .text.LPS22HB_T_Get_WhoAmI
                0x000000000800abac       0x1c ./Drivers/BSP/Components/LPS22HB_Driver_HL.o
 .text.LPS22HB_T_Check_WhoAmI
                0x000000000800abc8       0x18 ./Drivers/BSP/Components/LPS22HB_Driver_HL.o
 .text.LPS22HB_T_Get_Temp
                0x000000000800abe0       0x1c ./Drivers/BSP/Components/LPS22HB_Driver_HL.o
 .text.LPS22HB_T_Get_ODR
                0x000000000800abfc       0x1c ./Drivers/BSP/Components/LPS22HB_Driver_HL.o
 .text.LPS22HB_T_Set_ODR
                0x000000000800ac18       0x54 ./Drivers/BSP/Components/LPS22HB_Driver_HL.o
 .text.LPS22HB_T_Set_ODR_Value
                0x000000000800ac6c       0x54 ./Drivers/BSP/Components/LPS22HB_Driver_HL.o
 .text.LPS22HB_T_Read_Reg
                0x000000000800acc0       0x2e ./Drivers/BSP/Components/LPS22HB_Driver_HL.o
 .text.LPS22HB_T_Write_Reg
                0x000000000800acee       0x30 ./Drivers/BSP/Components/LPS22HB_Driver_HL.o
 .text.LPS22HB_T_Get_DRDY_Status
                0x000000000800ad1e       0x30 ./Drivers/BSP/Components/LPS22HB_Driver_HL.o
 *fill*         0x000000000800ad4e        0x2 
 .text.LPS22HB_Initialize
                0x000000000800ad50       0xbc ./Drivers/BSP/Components/LPS22HB_Driver_HL.o
 .text.LPS22HB_Get_WhoAmI
                0x000000000800ae0c       0x26 ./Drivers/BSP/Components/LPS22HB_Driver_HL.o
 .text.LPS22HB_Check_WhoAmI
                0x000000000800ae32       0x3a ./Drivers/BSP/Components/LPS22HB_Driver_HL.o
 .text.LPS22HB_Get_Press
                0x000000000800ae6c       0x4c ./Drivers/BSP/Components/LPS22HB_Driver_HL.o
 .text.LPS22HB_Get_Temp
                0x000000000800aeb8       0x48 ./Drivers/BSP/Components/LPS22HB_Driver_HL.o
 .text.LPS22HB_Get_ODR
                0x000000000800af00       0xa8 ./Drivers/BSP/Components/LPS22HB_Driver_HL.o
 .text.LPS22HB_Set_ODR_When_Enabled
                0x000000000800afa8       0x88 ./Drivers/BSP/Components/LPS22HB_Driver_HL.o
 .text.LPS22HB_Set_ODR_When_Disabled
                0x000000000800b030       0x7c ./Drivers/BSP/Components/LPS22HB_Driver_HL.o
 .text.LPS22HB_Set_ODR_Value_When_Enabled
                0x000000000800b0ac       0xa4 ./Drivers/BSP/Components/LPS22HB_Driver_HL.o
 .text.LPS22HB_Set_ODR_Value_When_Disabled
                0x000000000800b150       0x90 ./Drivers/BSP/Components/LPS22HB_Driver_HL.o
 .text.LPS22HB_Read_Reg
                0x000000000800b1e0       0x2e ./Drivers/BSP/Components/LPS22HB_Driver_HL.o
 .text.LPS22HB_Write_Reg
                0x000000000800b20e       0x30 ./Drivers/BSP/Components/LPS22HB_Driver_HL.o
 .text.LPS22HB_FIFO_Get_Empty_Status
                0x000000000800b23e       0x30 ./Drivers/BSP/Components/LPS22HB_Driver_HL.o
 .text.LPS22HB_FIFO_Get_Full_Status
                0x000000000800b26e       0x30 ./Drivers/BSP/Components/LPS22HB_Driver_HL.o
 .text.LPS22HB_FIFO_Get_Ovr_Status
                0x000000000800b29e       0x30 ./Drivers/BSP/Components/LPS22HB_Driver_HL.o
 .text.LPS22HB_FIFO_Get_Fth_Status
                0x000000000800b2ce       0x30 ./Drivers/BSP/Components/LPS22HB_Driver_HL.o
 .text.LPS22HB_FIFO_Stop_On_Fth
                0x000000000800b2fe       0x36 ./Drivers/BSP/Components/LPS22HB_Driver_HL.o
 .text.LPS22HB_FIFO_Usage
                0x000000000800b334       0x36 ./Drivers/BSP/Components/LPS22HB_Driver_HL.o
 .text.LPS22HB_FIFO_Get_Num_Of_Samples
                0x000000000800b36a       0x30 ./Drivers/BSP/Components/LPS22HB_Driver_HL.o
 .text.LPS22HB_FIFO_Get_Data
                0x000000000800b39a       0x3a ./Drivers/BSP/Components/LPS22HB_Driver_HL.o
 .text.LPS22HB_FIFO_Get_Mode
                0x000000000800b3d4       0x30 ./Drivers/BSP/Components/LPS22HB_Driver_HL.o
 .text.LPS22HB_FIFO_Set_Mode
                0x000000000800b404       0x5a ./Drivers/BSP/Components/LPS22HB_Driver_HL.o
 .text.LPS22HB_FIFO_Get_Watermark_Level
                0x000000000800b45e       0x26 ./Drivers/BSP/Components/LPS22HB_Driver_HL.o
 .text.LPS22HB_FIFO_Set_Watermark_Level
                0x000000000800b484       0x2a ./Drivers/BSP/Components/LPS22HB_Driver_HL.o
 .text.LPS22HB_FIFO_Watermark_Usage
                0x000000000800b4ae       0x36 ./Drivers/BSP/Components/LPS22HB_Driver_HL.o
 .text.LPS22HB_FIFO_Set_Interrupt
                0x000000000800b4e4       0x6e ./Drivers/BSP/Components/LPS22HB_Driver_HL.o
 .text.LPS22HB_FIFO_Reset_Interrupt
                0x000000000800b552       0x6e ./Drivers/BSP/Components/LPS22HB_Driver_HL.o
 .text.LSM303AGR_ACC_WriteReg
                0x000000000800b5c0       0x34 ./Drivers/BSP/Components/LSM303AGR_ACC_driver.o
                0x000000000800b5c0                LSM303AGR_ACC_WriteReg
 .text.LSM303AGR_ACC_ReadReg
                0x000000000800b5f4       0x34 ./Drivers/BSP/Components/LSM303AGR_ACC_driver.o
                0x000000000800b5f4                LSM303AGR_ACC_ReadReg
 .text.LSM303AGR_ACC_R_WHO_AM_I
                0x000000000800b628       0x3a ./Drivers/BSP/Components/LSM303AGR_ACC_driver.o
                0x000000000800b628                LSM303AGR_ACC_R_WHO_AM_I
 .text.LSM303AGR_ACC_W_BlockDataUpdate
                0x000000000800b662       0x5a ./Drivers/BSP/Components/LSM303AGR_ACC_driver.o
                0x000000000800b662                LSM303AGR_ACC_W_BlockDataUpdate
 .text.LSM303AGR_ACC_W_FullScale
                0x000000000800b6bc       0x5a ./Drivers/BSP/Components/LSM303AGR_ACC_driver.o
                0x000000000800b6bc                LSM303AGR_ACC_W_FullScale
 .text.LSM303AGR_ACC_R_FullScale
                0x000000000800b716       0x38 ./Drivers/BSP/Components/LSM303AGR_ACC_driver.o
                0x000000000800b716                LSM303AGR_ACC_R_FullScale
 .text.LSM303AGR_ACC_Get_Raw_Acceleration
                0x000000000800b74e       0x2a ./Drivers/BSP/Components/LSM303AGR_ACC_driver.o
                0x000000000800b74e                LSM303AGR_ACC_Get_Raw_Acceleration
 .text.LSM303AGR_ACC_Get_Acceleration
                0x000000000800b778      0x248 ./Drivers/BSP/Components/LSM303AGR_ACC_driver.o
                0x000000000800b778                LSM303AGR_ACC_Get_Acceleration
 .text.LSM303AGR_ACC_W_ODR
                0x000000000800b9c0       0x5a ./Drivers/BSP/Components/LSM303AGR_ACC_driver.o
                0x000000000800b9c0                LSM303AGR_ACC_W_ODR
 .text.LSM303AGR_ACC_R_ODR
                0x000000000800ba1a       0x38 ./Drivers/BSP/Components/LSM303AGR_ACC_driver.o
                0x000000000800ba1a                LSM303AGR_ACC_R_ODR
 .text.LSM303AGR_ACC_W_XEN
                0x000000000800ba52       0x5a ./Drivers/BSP/Components/LSM303AGR_ACC_driver.o
                0x000000000800ba52                LSM303AGR_ACC_W_XEN
 .text.LSM303AGR_ACC_R_XEN
                0x000000000800baac       0x38 ./Drivers/BSP/Components/LSM303AGR_ACC_driver.o
                0x000000000800baac                LSM303AGR_ACC_R_XEN
 .text.LSM303AGR_ACC_W_YEN
                0x000000000800bae4       0x5a ./Drivers/BSP/Components/LSM303AGR_ACC_driver.o
                0x000000000800bae4                LSM303AGR_ACC_W_YEN
 .text.LSM303AGR_ACC_R_YEN
                0x000000000800bb3e       0x38 ./Drivers/BSP/Components/LSM303AGR_ACC_driver.o
                0x000000000800bb3e                LSM303AGR_ACC_R_YEN
 .text.LSM303AGR_ACC_W_ZEN
                0x000000000800bb76       0x5a ./Drivers/BSP/Components/LSM303AGR_ACC_driver.o
                0x000000000800bb76                LSM303AGR_ACC_W_ZEN
 .text.LSM303AGR_ACC_R_ZEN
                0x000000000800bbd0       0x38 ./Drivers/BSP/Components/LSM303AGR_ACC_driver.o
                0x000000000800bbd0                LSM303AGR_ACC_R_ZEN
 .text.LSM303AGR_ACC_R_LOWPWR_EN
                0x000000000800bc08       0x38 ./Drivers/BSP/Components/LSM303AGR_ACC_driver.o
                0x000000000800bc08                LSM303AGR_ACC_R_LOWPWR_EN
 .text.LSM303AGR_ACC_R_HiRes
                0x000000000800bc40       0x38 ./Drivers/BSP/Components/LSM303AGR_ACC_driver.o
                0x000000000800bc40                LSM303AGR_ACC_R_HiRes
 .text.LSM303AGR_ACC_R_XDataAvail
                0x000000000800bc78       0x38 ./Drivers/BSP/Components/LSM303AGR_ACC_driver.o
                0x000000000800bc78                LSM303AGR_ACC_R_XDataAvail
 .text.LSM303AGR_ACC_W_FifoMode
                0x000000000800bcb0       0x5a ./Drivers/BSP/Components/LSM303AGR_ACC_driver.o
                0x000000000800bcb0                LSM303AGR_ACC_W_FifoMode
 *fill*         0x000000000800bd0a        0x2 
 .text.LSM303AGR_X_Init
                0x000000000800bd0c       0xc0 ./Drivers/BSP/Components/LSM303AGR_ACC_driver_HL.o
 .text.LSM303AGR_X_DeInit
                0x000000000800bdcc       0x58 ./Drivers/BSP/Components/LSM303AGR_ACC_driver_HL.o
 .text.LSM303AGR_X_Sensor_Enable
                0x000000000800be24       0x4a ./Drivers/BSP/Components/LSM303AGR_ACC_driver_HL.o
 .text.LSM303AGR_X_Sensor_Disable
                0x000000000800be6e       0x58 ./Drivers/BSP/Components/LSM303AGR_ACC_driver_HL.o
 .text.LSM303AGR_X_Get_WhoAmI
                0x000000000800bec6       0x26 ./Drivers/BSP/Components/LSM303AGR_ACC_driver_HL.o
 .text.LSM303AGR_X_Check_WhoAmI
                0x000000000800beec       0x3a ./Drivers/BSP/Components/LSM303AGR_ACC_driver_HL.o
 .text.LSM303AGR_X_Get_Axes
                0x000000000800bf26       0x3c ./Drivers/BSP/Components/LSM303AGR_ACC_driver_HL.o
 .text.LSM303AGR_X_Get_AxesRaw
                0x000000000800bf62       0x42 ./Drivers/BSP/Components/LSM303AGR_ACC_driver_HL.o
 .text.LSM303AGR_X_Get_Sensitivity
                0x000000000800bfa4       0x88 ./Drivers/BSP/Components/LSM303AGR_ACC_driver_HL.o
 .text.LSM303AGR_X_Get_ODR
                0x000000000800c02c       0xd0 ./Drivers/BSP/Components/LSM303AGR_ACC_driver_HL.o
 .text.LSM303AGR_X_Set_ODR
                0x000000000800c0fc       0x46 ./Drivers/BSP/Components/LSM303AGR_ACC_driver_HL.o
 .text.LSM303AGR_X_Set_ODR_Value
                0x000000000800c142       0x46 ./Drivers/BSP/Components/LSM303AGR_ACC_driver_HL.o
 .text.LSM303AGR_X_Get_FS
                0x000000000800c188       0x7c ./Drivers/BSP/Components/LSM303AGR_ACC_driver_HL.o
 .text.LSM303AGR_X_Set_FS
                0x000000000800c204       0x54 ./Drivers/BSP/Components/LSM303AGR_ACC_driver_HL.o
 .text.LSM303AGR_X_Set_FS_Value
                0x000000000800c258       0x70 ./Drivers/BSP/Components/LSM303AGR_ACC_driver_HL.o
 .text.LSM303AGR_X_Get_Axes_Status
                0x000000000800c2c8       0x8c ./Drivers/BSP/Components/LSM303AGR_ACC_driver_HL.o
 .text.LSM303AGR_X_Set_Axes_Status
                0x000000000800c354       0x78 ./Drivers/BSP/Components/LSM303AGR_ACC_driver_HL.o
 .text.LSM303AGR_X_Read_Reg
                0x000000000800c3cc       0x2e ./Drivers/BSP/Components/LSM303AGR_ACC_driver_HL.o
 .text.LSM303AGR_X_Write_Reg
                0x000000000800c3fa       0x30 ./Drivers/BSP/Components/LSM303AGR_ACC_driver_HL.o
 .text.LSM303AGR_X_Get_DRDY_Status
                0x000000000800c42a       0x48 ./Drivers/BSP/Components/LSM303AGR_ACC_driver_HL.o
 .text.LSM303AGR_X_Get_Axes_Raw
                0x000000000800c472       0xca ./Drivers/BSP/Components/LSM303AGR_ACC_driver_HL.o
 .text.LSM303AGR_X_Set_ODR_When_Enabled
                0x000000000800c53c       0x6c ./Drivers/BSP/Components/LSM303AGR_ACC_driver_HL.o
 .text.LSM303AGR_X_Set_ODR_When_Disabled
                0x000000000800c5a8       0x84 ./Drivers/BSP/Components/LSM303AGR_ACC_driver_HL.o
 .text.LSM303AGR_X_Set_ODR_Value_When_Enabled
                0x000000000800c62c       0xc0 ./Drivers/BSP/Components/LSM303AGR_ACC_driver_HL.o
 .text.LSM303AGR_X_Set_ODR_Value_When_Disabled
                0x000000000800c6ec       0xd8 ./Drivers/BSP/Components/LSM303AGR_ACC_driver_HL.o
 .text.LSM303AGR_X_Get_Sensitivity_Normal_Mode
                0x000000000800c7c4       0x84 ./Drivers/BSP/Components/LSM303AGR_ACC_driver_HL.o
 .text.LSM303AGR_X_Get_Sensitivity_LP_Mode
                0x000000000800c848       0x84 ./Drivers/BSP/Components/LSM303AGR_ACC_driver_HL.o
 .text.LSM303AGR_X_Get_Sensitivity_HR_Mode
                0x000000000800c8cc       0x84 ./Drivers/BSP/Components/LSM303AGR_ACC_driver_HL.o
 .text.LSM303AGR_MAG_WriteReg
                0x000000000800c950       0x34 ./Drivers/BSP/Components/LSM303AGR_MAG_driver.o
                0x000000000800c950                LSM303AGR_MAG_WriteReg
 .text.LSM303AGR_MAG_ReadReg
                0x000000000800c984       0x34 ./Drivers/BSP/Components/LSM303AGR_MAG_driver.o
                0x000000000800c984                LSM303AGR_MAG_ReadReg
 .text.LSM303AGR_MAG_R_WHO_AM_I
                0x000000000800c9b8       0x3a ./Drivers/BSP/Components/LSM303AGR_MAG_driver.o
                0x000000000800c9b8                LSM303AGR_MAG_R_WHO_AM_I
 .text.LSM303AGR_MAG_W_BDU
                0x000000000800c9f2       0x5a ./Drivers/BSP/Components/LSM303AGR_MAG_driver.o
                0x000000000800c9f2                LSM303AGR_MAG_W_BDU
 .text.LSM303AGR_MAG_W_MD
                0x000000000800ca4c       0x5a ./Drivers/BSP/Components/LSM303AGR_MAG_driver.o
                0x000000000800ca4c                LSM303AGR_MAG_W_MD
 .text.LSM303AGR_MAG_Get_Raw_Magnetic
                0x000000000800caa6       0x2a ./Drivers/BSP/Components/LSM303AGR_MAG_driver.o
                0x000000000800caa6                LSM303AGR_MAG_Get_Raw_Magnetic
 .text.LSM303AGR_MAG_W_ODR
                0x000000000800cad0       0x5a ./Drivers/BSP/Components/LSM303AGR_MAG_driver.o
                0x000000000800cad0                LSM303AGR_MAG_W_ODR
 .text.LSM303AGR_MAG_R_ODR
                0x000000000800cb2a       0x38 ./Drivers/BSP/Components/LSM303AGR_MAG_driver.o
                0x000000000800cb2a                LSM303AGR_MAG_R_ODR
 .text.LSM303AGR_MAG_W_ST
                0x000000000800cb62       0x5a ./Drivers/BSP/Components/LSM303AGR_MAG_driver.o
                0x000000000800cb62                LSM303AGR_MAG_W_ST
 .text.LSM303AGR_MAG_W_I2C_DIS
                0x000000000800cbbc       0x5a ./Drivers/BSP/Components/LSM303AGR_MAG_driver.o
                0x000000000800cbbc                LSM303AGR_MAG_W_I2C_DIS
 .text.LSM303AGR_MAG_R_ZYXDA
                0x000000000800cc16       0x38 ./Drivers/BSP/Components/LSM303AGR_MAG_driver.o
                0x000000000800cc16                LSM303AGR_MAG_R_ZYXDA
 .text.LSM303AGR_M_Init
                0x000000000800cc4e       0x9a ./Drivers/BSP/Components/LSM303AGR_MAG_driver_HL.o
 .text.LSM303AGR_M_DeInit
                0x000000000800cce8       0x50 ./Drivers/BSP/Components/LSM303AGR_MAG_driver_HL.o
 .text.LSM303AGR_M_Sensor_Enable
                0x000000000800cd38       0x36 ./Drivers/BSP/Components/LSM303AGR_MAG_driver_HL.o
 .text.LSM303AGR_M_Sensor_Disable
                0x000000000800cd6e       0x36 ./Drivers/BSP/Components/LSM303AGR_MAG_driver_HL.o
 .text.LSM303AGR_M_Get_WhoAmI
                0x000000000800cda4       0x26 ./Drivers/BSP/Components/LSM303AGR_MAG_driver_HL.o
 .text.LSM303AGR_M_Check_WhoAmI
                0x000000000800cdca       0x3a ./Drivers/BSP/Components/LSM303AGR_MAG_driver_HL.o
 .text.LSM303AGR_M_Get_Axes
                0x000000000800ce04       0xa6 ./Drivers/BSP/Components/LSM303AGR_MAG_driver_HL.o
 .text.LSM303AGR_M_Get_AxesRaw
                0x000000000800ceaa       0x42 ./Drivers/BSP/Components/LSM303AGR_MAG_driver_HL.o
 .text.LSM303AGR_M_Get_Sensitivity
                0x000000000800ceec       0x20 ./Drivers/BSP/Components/LSM303AGR_MAG_driver_HL.o
 .text.LSM303AGR_M_Get_ODR
                0x000000000800cf0c       0xa8 ./Drivers/BSP/Components/LSM303AGR_MAG_driver_HL.o
 .text.LSM303AGR_M_Set_ODR
                0x000000000800cfb4       0x6c ./Drivers/BSP/Components/LSM303AGR_MAG_driver_HL.o
 .text.LSM303AGR_M_Set_ODR_Value
                0x000000000800d020       0x74 ./Drivers/BSP/Components/LSM303AGR_MAG_driver_HL.o
 .text.LSM303AGR_M_Get_FS
                0x000000000800d094       0x24 ./Drivers/BSP/Components/LSM303AGR_MAG_driver_HL.o
 .text.LSM303AGR_M_Set_FS
                0x000000000800d0b8       0x1a ./Drivers/BSP/Components/LSM303AGR_MAG_driver_HL.o
 .text.LSM303AGR_M_Set_FS_Value
                0x000000000800d0d2       0x1a ./Drivers/BSP/Components/LSM303AGR_MAG_driver_HL.o
 .text.LSM303AGR_M_Read_Reg
                0x000000000800d0ec       0x2e ./Drivers/BSP/Components/LSM303AGR_MAG_driver_HL.o
 .text.LSM303AGR_M_Write_Reg
                0x000000000800d11a       0x30 ./Drivers/BSP/Components/LSM303AGR_MAG_driver_HL.o
 .text.LSM303AGR_M_Get_DRDY_Status
                0x000000000800d14a       0x48 ./Drivers/BSP/Components/LSM303AGR_MAG_driver_HL.o
 *fill*         0x000000000800d192        0x2 
 .text.LSM303AGR_M_Get_Axes_Raw
                0x000000000800d194       0x68 ./Drivers/BSP/Components/LSM303AGR_MAG_driver_HL.o
 .text.LSM6DSM_ACC_GYRO_ReadReg
                0x000000000800d1fc       0x2e ./Drivers/BSP/Components/LSM6DSM_ACC_GYRO_driver.o
                0x000000000800d1fc                LSM6DSM_ACC_GYRO_ReadReg
 .text.LSM6DSM_ACC_GYRO_WriteReg
                0x000000000800d22a       0x30 ./Drivers/BSP/Components/LSM6DSM_ACC_GYRO_driver.o
                0x000000000800d22a                LSM6DSM_ACC_GYRO_WriteReg
 .text.LSM6DSM_ACC_GYRO_W_EmbeddedAccess
                0x000000000800d25a       0x58 ./Drivers/BSP/Components/LSM6DSM_ACC_GYRO_driver.o
                0x000000000800d25a                LSM6DSM_ACC_GYRO_W_EmbeddedAccess
 .text.LSM6DSM_ACC_GYRO_W_FIFO_MODE
                0x000000000800d2b2       0x58 ./Drivers/BSP/Components/LSM6DSM_ACC_GYRO_driver.o
                0x000000000800d2b2                LSM6DSM_ACC_GYRO_W_FIFO_MODE
 .text.LSM6DSM_ACC_GYRO_W_STEP_DELTA_on_INT2
                0x000000000800d30a       0x58 ./Drivers/BSP/Components/LSM6DSM_ACC_GYRO_driver.o
                0x000000000800d30a                LSM6DSM_ACC_GYRO_W_STEP_DELTA_on_INT2
 .text.LSM6DSM_ACC_GYRO_R_WHO_AM_I
                0x000000000800d362       0x38 ./Drivers/BSP/Components/LSM6DSM_ACC_GYRO_driver.o
                0x000000000800d362                LSM6DSM_ACC_GYRO_R_WHO_AM_I
 .text.LSM6DSM_ACC_GYRO_W_FS_XL
                0x000000000800d39a       0x58 ./Drivers/BSP/Components/LSM6DSM_ACC_GYRO_driver.o
                0x000000000800d39a                LSM6DSM_ACC_GYRO_W_FS_XL
 .text.LSM6DSM_ACC_GYRO_R_FS_XL
                0x000000000800d3f2       0x36 ./Drivers/BSP/Components/LSM6DSM_ACC_GYRO_driver.o
                0x000000000800d3f2                LSM6DSM_ACC_GYRO_R_FS_XL
 .text.LSM6DSM_ACC_GYRO_W_ODR_XL
                0x000000000800d428       0x58 ./Drivers/BSP/Components/LSM6DSM_ACC_GYRO_driver.o
                0x000000000800d428                LSM6DSM_ACC_GYRO_W_ODR_XL
 .text.LSM6DSM_ACC_GYRO_R_ODR_XL
                0x000000000800d480       0x36 ./Drivers/BSP/Components/LSM6DSM_ACC_GYRO_driver.o
                0x000000000800d480                LSM6DSM_ACC_GYRO_R_ODR_XL
 .text.LSM6DSM_ACC_GYRO_W_FS_125
                0x000000000800d4b6       0x58 ./Drivers/BSP/Components/LSM6DSM_ACC_GYRO_driver.o
                0x000000000800d4b6                LSM6DSM_ACC_GYRO_W_FS_125
 .text.LSM6DSM_ACC_GYRO_R_FS_125
                0x000000000800d50e       0x36 ./Drivers/BSP/Components/LSM6DSM_ACC_GYRO_driver.o
                0x000000000800d50e                LSM6DSM_ACC_GYRO_R_FS_125
 .text.LSM6DSM_ACC_GYRO_W_FS_G
                0x000000000800d544       0x58 ./Drivers/BSP/Components/LSM6DSM_ACC_GYRO_driver.o
                0x000000000800d544                LSM6DSM_ACC_GYRO_W_FS_G
 .text.LSM6DSM_ACC_GYRO_R_FS_G
                0x000000000800d59c       0x36 ./Drivers/BSP/Components/LSM6DSM_ACC_GYRO_driver.o
                0x000000000800d59c                LSM6DSM_ACC_GYRO_R_FS_G
 .text.LSM6DSM_ACC_GYRO_W_ODR_G
                0x000000000800d5d2       0x58 ./Drivers/BSP/Components/LSM6DSM_ACC_GYRO_driver.o
                0x000000000800d5d2                LSM6DSM_ACC_GYRO_W_ODR_G
 .text.LSM6DSM_ACC_GYRO_R_ODR_G
                0x000000000800d62a       0x36 ./Drivers/BSP/Components/LSM6DSM_ACC_GYRO_driver.o
                0x000000000800d62a                LSM6DSM_ACC_GYRO_R_ODR_G
 .text.LSM6DSM_ACC_GYRO_W_IF_Addr_Incr
                0x000000000800d660       0x58 ./Drivers/BSP/Components/LSM6DSM_ACC_GYRO_driver.o
                0x000000000800d660                LSM6DSM_ACC_GYRO_W_IF_Addr_Incr
 .text.LSM6DSM_ACC_GYRO_W_BDU
                0x000000000800d6b8       0x58 ./Drivers/BSP/Components/LSM6DSM_ACC_GYRO_driver.o
                0x000000000800d6b8                LSM6DSM_ACC_GYRO_W_BDU
 .text.LSM6DSM_ACC_GYRO_W_I2C_DISABLE
                0x000000000800d710       0x58 ./Drivers/BSP/Components/LSM6DSM_ACC_GYRO_driver.o
                0x000000000800d710                LSM6DSM_ACC_GYRO_W_I2C_DISABLE
 .text.LSM6DSM_ACC_GYRO_W_PedoStepReset
                0x000000000800d768       0x58 ./Drivers/BSP/Components/LSM6DSM_ACC_GYRO_driver.o
                0x000000000800d768                LSM6DSM_ACC_GYRO_W_PedoStepReset
 .text.LSM6DSM_ACC_GYRO_W_TILT
                0x000000000800d7c0       0x58 ./Drivers/BSP/Components/LSM6DSM_ACC_GYRO_driver.o
                0x000000000800d7c0                LSM6DSM_ACC_GYRO_W_TILT
 .text.LSM6DSM_ACC_GYRO_W_PEDO
                0x000000000800d818       0x58 ./Drivers/BSP/Components/LSM6DSM_ACC_GYRO_driver.o
                0x000000000800d818                LSM6DSM_ACC_GYRO_W_PEDO
 .text.LSM6DSM_ACC_GYRO_W_FUNC_EN
                0x000000000800d870       0x58 ./Drivers/BSP/Components/LSM6DSM_ACC_GYRO_driver.o
                0x000000000800d870                LSM6DSM_ACC_GYRO_W_FUNC_EN
 .text.LSM6DSM_ACC_GYRO_R_WU_EV_STATUS
                0x000000000800d8c8       0x36 ./Drivers/BSP/Components/LSM6DSM_ACC_GYRO_driver.o
                0x000000000800d8c8                LSM6DSM_ACC_GYRO_R_WU_EV_STATUS
 .text.LSM6DSM_ACC_GYRO_R_FF_EV_STATUS
                0x000000000800d8fe       0x36 ./Drivers/BSP/Components/LSM6DSM_ACC_GYRO_driver.o
                0x000000000800d8fe                LSM6DSM_ACC_GYRO_R_FF_EV_STATUS
 .text.LSM6DSM_ACC_GYRO_R_DOUBLE_TAP_EV_STATUS
                0x000000000800d934       0x36 ./Drivers/BSP/Components/LSM6DSM_ACC_GYRO_driver.o
                0x000000000800d934                LSM6DSM_ACC_GYRO_R_DOUBLE_TAP_EV_STATUS
 .text.LSM6DSM_ACC_GYRO_R_SINGLE_TAP_EV_STATUS
                0x000000000800d96a       0x36 ./Drivers/BSP/Components/LSM6DSM_ACC_GYRO_driver.o
                0x000000000800d96a                LSM6DSM_ACC_GYRO_R_SINGLE_TAP_EV_STATUS
 .text.LSM6DSM_ACC_GYRO_R_DSD_XL
                0x000000000800d9a0       0x36 ./Drivers/BSP/Components/LSM6DSM_ACC_GYRO_driver.o
                0x000000000800d9a0                LSM6DSM_ACC_GYRO_R_DSD_XL
 .text.LSM6DSM_ACC_GYRO_R_DSD_XH
                0x000000000800d9d6       0x36 ./Drivers/BSP/Components/LSM6DSM_ACC_GYRO_driver.o
                0x000000000800d9d6                LSM6DSM_ACC_GYRO_R_DSD_XH
 .text.LSM6DSM_ACC_GYRO_R_DSD_YL
                0x000000000800da0c       0x36 ./Drivers/BSP/Components/LSM6DSM_ACC_GYRO_driver.o
                0x000000000800da0c                LSM6DSM_ACC_GYRO_R_DSD_YL
 .text.LSM6DSM_ACC_GYRO_R_DSD_YH
                0x000000000800da42       0x36 ./Drivers/BSP/Components/LSM6DSM_ACC_GYRO_driver.o
                0x000000000800da42                LSM6DSM_ACC_GYRO_R_DSD_YH
 .text.LSM6DSM_ACC_GYRO_R_DSD_ZL
                0x000000000800da78       0x36 ./Drivers/BSP/Components/LSM6DSM_ACC_GYRO_driver.o
                0x000000000800da78                LSM6DSM_ACC_GYRO_R_DSD_ZL
 .text.LSM6DSM_ACC_GYRO_R_DSD_ZH
                0x000000000800daae       0x36 ./Drivers/BSP/Components/LSM6DSM_ACC_GYRO_driver.o
                0x000000000800daae                LSM6DSM_ACC_GYRO_R_DSD_ZH
 .text.LSM6DSM_ACC_GYRO_R_D6D_EV_STATUS
                0x000000000800dae4       0x36 ./Drivers/BSP/Components/LSM6DSM_ACC_GYRO_driver.o
                0x000000000800dae4                LSM6DSM_ACC_GYRO_R_D6D_EV_STATUS
 .text.LSM6DSM_ACC_GYRO_R_XLDA
                0x000000000800db1a       0x36 ./Drivers/BSP/Components/LSM6DSM_ACC_GYRO_driver.o
                0x000000000800db1a                LSM6DSM_ACC_GYRO_R_XLDA
 .text.LSM6DSM_ACC_GYRO_R_GDA
                0x000000000800db50       0x36 ./Drivers/BSP/Components/LSM6DSM_ACC_GYRO_driver.o
                0x000000000800db50                LSM6DSM_ACC_GYRO_R_GDA
 .text.LSM6DSM_ACC_GYRO_R_PEDO_EV_STATUS
                0x000000000800db86       0x36 ./Drivers/BSP/Components/LSM6DSM_ACC_GYRO_driver.o
                0x000000000800db86                LSM6DSM_ACC_GYRO_R_PEDO_EV_STATUS
 .text.LSM6DSM_ACC_GYRO_R_TILT_EV_STATUS
                0x000000000800dbbc       0x36 ./Drivers/BSP/Components/LSM6DSM_ACC_GYRO_driver.o
                0x000000000800dbbc                LSM6DSM_ACC_GYRO_R_TILT_EV_STATUS
 .text.LSM6DSM_ACC_GYRO_W_TAP_Z_EN
                0x000000000800dbf2       0x58 ./Drivers/BSP/Components/LSM6DSM_ACC_GYRO_driver.o
                0x000000000800dbf2                LSM6DSM_ACC_GYRO_W_TAP_Z_EN
 .text.LSM6DSM_ACC_GYRO_W_TAP_Y_EN
                0x000000000800dc4a       0x58 ./Drivers/BSP/Components/LSM6DSM_ACC_GYRO_driver.o
                0x000000000800dc4a                LSM6DSM_ACC_GYRO_W_TAP_Y_EN
 .text.LSM6DSM_ACC_GYRO_W_TAP_X_EN
                0x000000000800dca2       0x58 ./Drivers/BSP/Components/LSM6DSM_ACC_GYRO_driver.o
                0x000000000800dca2                LSM6DSM_ACC_GYRO_W_TAP_X_EN
 .text.LSM6DSM_ACC_GYRO_W_BASIC_INT
                0x000000000800dcfa       0x58 ./Drivers/BSP/Components/LSM6DSM_ACC_GYRO_driver.o
                0x000000000800dcfa                LSM6DSM_ACC_GYRO_W_BASIC_INT
 .text.LSM6DSM_ACC_GYRO_W_TAP_THS
                0x000000000800dd52       0x60 ./Drivers/BSP/Components/LSM6DSM_ACC_GYRO_driver.o
                0x000000000800dd52                LSM6DSM_ACC_GYRO_W_TAP_THS
 .text.LSM6DSM_ACC_GYRO_W_SIXD_THS
                0x000000000800ddb2       0x58 ./Drivers/BSP/Components/LSM6DSM_ACC_GYRO_driver.o
                0x000000000800ddb2                LSM6DSM_ACC_GYRO_W_SIXD_THS
 .text.LSM6DSM_ACC_GYRO_W_SHOCK_Duration
                0x000000000800de0a       0x60 ./Drivers/BSP/Components/LSM6DSM_ACC_GYRO_driver.o
                0x000000000800de0a                LSM6DSM_ACC_GYRO_W_SHOCK_Duration
 .text.LSM6DSM_ACC_GYRO_W_QUIET_Duration
                0x000000000800de6a       0x66 ./Drivers/BSP/Components/LSM6DSM_ACC_GYRO_driver.o
                0x000000000800de6a                LSM6DSM_ACC_GYRO_W_QUIET_Duration
 .text.LSM6DSM_ACC_GYRO_W_DUR
                0x000000000800ded0       0x66 ./Drivers/BSP/Components/LSM6DSM_ACC_GYRO_driver.o
                0x000000000800ded0                LSM6DSM_ACC_GYRO_W_DUR
 .text.LSM6DSM_ACC_GYRO_W_WK_THS
                0x000000000800df36       0x60 ./Drivers/BSP/Components/LSM6DSM_ACC_GYRO_driver.o
                0x000000000800df36                LSM6DSM_ACC_GYRO_W_WK_THS
 .text.LSM6DSM_ACC_GYRO_W_SINGLE_DOUBLE_TAP_EV
                0x000000000800df96       0x58 ./Drivers/BSP/Components/LSM6DSM_ACC_GYRO_driver.o
                0x000000000800df96                LSM6DSM_ACC_GYRO_W_SINGLE_DOUBLE_TAP_EV
 .text.LSM6DSM_ACC_GYRO_W_SLEEP_DUR
                0x000000000800dfee       0x60 ./Drivers/BSP/Components/LSM6DSM_ACC_GYRO_driver.o
                0x000000000800dfee                LSM6DSM_ACC_GYRO_W_SLEEP_DUR
 .text.LSM6DSM_ACC_GYRO_W_TIMER_HR
                0x000000000800e04e       0x58 ./Drivers/BSP/Components/LSM6DSM_ACC_GYRO_driver.o
                0x000000000800e04e                LSM6DSM_ACC_GYRO_W_TIMER_HR
 .text.LSM6DSM_ACC_GYRO_W_WAKE_DUR
                0x000000000800e0a6       0x66 ./Drivers/BSP/Components/LSM6DSM_ACC_GYRO_driver.o
                0x000000000800e0a6                LSM6DSM_ACC_GYRO_W_WAKE_DUR
 .text.LSM6DSM_ACC_GYRO_W_FF_THS
                0x000000000800e10c       0x58 ./Drivers/BSP/Components/LSM6DSM_ACC_GYRO_driver.o
                0x000000000800e10c                LSM6DSM_ACC_GYRO_W_FF_THS
 .text.LSM6DSM_ACC_GYRO_W_FF_Duration
                0x000000000800e164       0xca ./Drivers/BSP/Components/LSM6DSM_ACC_GYRO_driver.o
                0x000000000800e164                LSM6DSM_ACC_GYRO_W_FF_Duration
 .text.LSM6DSM_ACC_GYRO_W_TiltEvOnInt2
                0x000000000800e22e       0x58 ./Drivers/BSP/Components/LSM6DSM_ACC_GYRO_driver.o
                0x000000000800e22e                LSM6DSM_ACC_GYRO_W_TiltEvOnInt2
 .text.LSM6DSM_ACC_GYRO_W_6DEvOnInt2
                0x000000000800e286       0x58 ./Drivers/BSP/Components/LSM6DSM_ACC_GYRO_driver.o
                0x000000000800e286                LSM6DSM_ACC_GYRO_W_6DEvOnInt2
 .text.LSM6DSM_ACC_GYRO_W_TapEvOnInt2
                0x000000000800e2de       0x58 ./Drivers/BSP/Components/LSM6DSM_ACC_GYRO_driver.o
                0x000000000800e2de                LSM6DSM_ACC_GYRO_W_TapEvOnInt2
 .text.LSM6DSM_ACC_GYRO_W_FFEvOnInt2
                0x000000000800e336       0x58 ./Drivers/BSP/Components/LSM6DSM_ACC_GYRO_driver.o
                0x000000000800e336                LSM6DSM_ACC_GYRO_W_FFEvOnInt2
 .text.LSM6DSM_ACC_GYRO_W_WUEvOnInt2
                0x000000000800e38e       0x58 ./Drivers/BSP/Components/LSM6DSM_ACC_GYRO_driver.o
                0x000000000800e38e                LSM6DSM_ACC_GYRO_W_WUEvOnInt2
 .text.LSM6DSM_ACC_GYRO_W_SingleTapOnInt2
                0x000000000800e3e6       0x58 ./Drivers/BSP/Components/LSM6DSM_ACC_GYRO_driver.o
                0x000000000800e3e6                LSM6DSM_ACC_GYRO_W_SingleTapOnInt2
 .text.LSM6DSM_ACC_GYRO_GetRawGyroData
                0x000000000800e43e       0x66 ./Drivers/BSP/Components/LSM6DSM_ACC_GYRO_driver.o
                0x000000000800e43e                LSM6DSM_ACC_GYRO_GetRawGyroData
 .text.LSM6DSM_ACC_GYRO_GetRawAccData
                0x000000000800e4a4       0x66 ./Drivers/BSP/Components/LSM6DSM_ACC_GYRO_driver.o
                0x000000000800e4a4                LSM6DSM_ACC_GYRO_GetRawAccData
 .text.LSM6DSM_ACC_GYRO_Get_GetStepCounter
                0x000000000800e50a       0x66 ./Drivers/BSP/Components/LSM6DSM_ACC_GYRO_driver.o
                0x000000000800e50a                LSM6DSM_ACC_GYRO_Get_GetStepCounter
 .text.LSM6DSM_ACC_GYRO_W_PedoThreshold
                0x000000000800e570       0x88 ./Drivers/BSP/Components/LSM6DSM_ACC_GYRO_driver.o
                0x000000000800e570                LSM6DSM_ACC_GYRO_W_PedoThreshold
 .text.LSM6DSM_X_Init
                0x000000000800e5f8       0xa4 ./Drivers/BSP/Components/LSM6DSM_ACC_GYRO_driver_HL.o
 .text.LSM6DSM_X_DeInit
                0x000000000800e69c       0xc8 ./Drivers/BSP/Components/LSM6DSM_ACC_GYRO_driver_HL.o
 .text.LSM6DSM_X_Sensor_Enable
                0x000000000800e764       0x4a ./Drivers/BSP/Components/LSM6DSM_ACC_GYRO_driver_HL.o
 .text.LSM6DSM_X_Sensor_Disable
                0x000000000800e7ae       0x58 ./Drivers/BSP/Components/LSM6DSM_ACC_GYRO_driver_HL.o
 .text.LSM6DSM_X_Get_WhoAmI
                0x000000000800e806       0x1c ./Drivers/BSP/Components/LSM6DSM_ACC_GYRO_driver_HL.o
 .text.LSM6DSM_X_Check_WhoAmI
                0x000000000800e822       0x18 ./Drivers/BSP/Components/LSM6DSM_ACC_GYRO_driver_HL.o
 .text.LSM6DSM_X_Get_Axes
                0x000000000800e83a       0xa6 ./Drivers/BSP/Components/LSM6DSM_ACC_GYRO_driver_HL.o
 .text.LSM6DSM_X_Get_AxesRaw
                0x000000000800e8e0       0x42 ./Drivers/BSP/Components/LSM6DSM_ACC_GYRO_driver_HL.o
 *fill*         0x000000000800e922        0x2 
 .text.LSM6DSM_X_Get_Sensitivity
                0x000000000800e924       0xa8 ./Drivers/BSP/Components/LSM6DSM_ACC_GYRO_driver_HL.o
 .text.LSM6DSM_X_Get_ODR
                0x000000000800e9cc      0x110 ./Drivers/BSP/Components/LSM6DSM_ACC_GYRO_driver_HL.o
 .text.LSM6DSM_X_Set_ODR
                0x000000000800eadc       0x46 ./Drivers/BSP/Components/LSM6DSM_ACC_GYRO_driver_HL.o
 .text.LSM6DSM_X_Set_ODR_Value
                0x000000000800eb22       0x46 ./Drivers/BSP/Components/LSM6DSM_ACC_GYRO_driver_HL.o
 .text.LSM6DSM_X_Get_FS
                0x000000000800eb68       0xa0 ./Drivers/BSP/Components/LSM6DSM_ACC_GYRO_driver_HL.o
 .text.LSM6DSM_X_Set_FS
                0x000000000800ec08       0x54 ./Drivers/BSP/Components/LSM6DSM_ACC_GYRO_driver_HL.o
 .text.LSM6DSM_X_Set_FS_Value
                0x000000000800ec5c       0x70 ./Drivers/BSP/Components/LSM6DSM_ACC_GYRO_driver_HL.o
 .text.LSM6DSM_G_Init
                0x000000000800eccc       0xa4 ./Drivers/BSP/Components/LSM6DSM_ACC_GYRO_driver_HL.o
 .text.LSM6DSM_G_DeInit
                0x000000000800ed70       0x58 ./Drivers/BSP/Components/LSM6DSM_ACC_GYRO_driver_HL.o
 .text.LSM6DSM_G_Sensor_Enable
                0x000000000800edc8       0x4a ./Drivers/BSP/Components/LSM6DSM_ACC_GYRO_driver_HL.o
 .text.LSM6DSM_G_Sensor_Disable
                0x000000000800ee12       0x58 ./Drivers/BSP/Components/LSM6DSM_ACC_GYRO_driver_HL.o
 .text.LSM6DSM_G_Get_WhoAmI
                0x000000000800ee6a       0x1c ./Drivers/BSP/Components/LSM6DSM_ACC_GYRO_driver_HL.o
 .text.LSM6DSM_G_Check_WhoAmI
                0x000000000800ee86       0x18 ./Drivers/BSP/Components/LSM6DSM_ACC_GYRO_driver_HL.o
 .text.LSM6DSM_G_Get_Axes
                0x000000000800ee9e       0xa6 ./Drivers/BSP/Components/LSM6DSM_ACC_GYRO_driver_HL.o
 .text.LSM6DSM_G_Get_AxesRaw
                0x000000000800ef44       0x42 ./Drivers/BSP/Components/LSM6DSM_ACC_GYRO_driver_HL.o
 *fill*         0x000000000800ef86        0x2 
 .text.LSM6DSM_G_Get_Sensitivity
                0x000000000800ef88       0xd0 ./Drivers/BSP/Components/LSM6DSM_ACC_GYRO_driver_HL.o
 .text.LSM6DSM_G_Get_ODR
                0x000000000800f058      0x110 ./Drivers/BSP/Components/LSM6DSM_ACC_GYRO_driver_HL.o
 .text.LSM6DSM_G_Set_ODR
                0x000000000800f168       0x46 ./Drivers/BSP/Components/LSM6DSM_ACC_GYRO_driver_HL.o
 .text.LSM6DSM_G_Set_ODR_Value
                0x000000000800f1ae       0x46 ./Drivers/BSP/Components/LSM6DSM_ACC_GYRO_driver_HL.o
 .text.LSM6DSM_G_Get_FS
                0x000000000800f1f4       0xd0 ./Drivers/BSP/Components/LSM6DSM_ACC_GYRO_driver_HL.o
 .text.LSM6DSM_G_Set_FS
                0x000000000800f2c4       0x54 ./Drivers/BSP/Components/LSM6DSM_ACC_GYRO_driver_HL.o
 .text.LSM6DSM_G_Set_FS_Value
                0x000000000800f318       0xb8 ./Drivers/BSP/Components/LSM6DSM_ACC_GYRO_driver_HL.o
 .text.LSM6DSM_Get_WhoAmI
                0x000000000800f3d0       0x26 ./Drivers/BSP/Components/LSM6DSM_ACC_GYRO_driver_HL.o
 .text.LSM6DSM_Check_WhoAmI
                0x000000000800f3f6       0x3a ./Drivers/BSP/Components/LSM6DSM_ACC_GYRO_driver_HL.o
 .text.LSM6DSM_X_Get_Axes_Raw
                0x000000000800f430       0x84 ./Drivers/BSP/Components/LSM6DSM_ACC_GYRO_driver_HL.o
 .text.LSM6DSM_X_Set_ODR_When_Enabled
                0x000000000800f4b4       0x6c ./Drivers/BSP/Components/LSM6DSM_ACC_GYRO_driver_HL.o
 .text.LSM6DSM_X_Set_ODR_When_Disabled
                0x000000000800f520       0x84 ./Drivers/BSP/Components/LSM6DSM_ACC_GYRO_driver_HL.o
 .text.LSM6DSM_X_Set_ODR_Value_When_Enabled
                0x000000000800f5a4      0x110 ./Drivers/BSP/Components/LSM6DSM_ACC_GYRO_driver_HL.o
 .text.LSM6DSM_X_Set_ODR_Value_When_Disabled
                0x000000000800f6b4      0x138 ./Drivers/BSP/Components/LSM6DSM_ACC_GYRO_driver_HL.o
 .text.LSM6DSM_G_Get_Axes_Raw
                0x000000000800f7ec       0x84 ./Drivers/BSP/Components/LSM6DSM_ACC_GYRO_driver_HL.o
 .text.LSM6DSM_G_Set_ODR_When_Enabled
                0x000000000800f870       0x6c ./Drivers/BSP/Components/LSM6DSM_ACC_GYRO_driver_HL.o
 .text.LSM6DSM_G_Set_ODR_When_Disabled
                0x000000000800f8dc       0x84 ./Drivers/BSP/Components/LSM6DSM_ACC_GYRO_driver_HL.o
 .text.LSM6DSM_G_Set_ODR_Value_When_Enabled
                0x000000000800f960      0x110 ./Drivers/BSP/Components/LSM6DSM_ACC_GYRO_driver_HL.o
 .text.LSM6DSM_G_Set_ODR_Value_When_Disabled
                0x000000000800fa70      0x138 ./Drivers/BSP/Components/LSM6DSM_ACC_GYRO_driver_HL.o
 .text.LSM6DSM_X_Enable_Free_Fall_Detection
                0x000000000800fba8       0xbc ./Drivers/BSP/Components/LSM6DSM_ACC_GYRO_driver_HL.o
 .text.LSM6DSM_X_Disable_Free_Fall_Detection
                0x000000000800fc64       0x5a ./Drivers/BSP/Components/LSM6DSM_ACC_GYRO_driver_HL.o
 .text.LSM6DSM_X_Get_Free_Fall_Detection_Status
                0x000000000800fcbe       0x48 ./Drivers/BSP/Components/LSM6DSM_ACC_GYRO_driver_HL.o
 .text.LSM6DSM_X_Set_Free_Fall_Threshold
                0x000000000800fd06       0x2a ./Drivers/BSP/Components/LSM6DSM_ACC_GYRO_driver_HL.o
 .text.LSM6DSM_X_Enable_Pedometer
                0x000000000800fd30       0x80 ./Drivers/BSP/Components/LSM6DSM_ACC_GYRO_driver_HL.o
 .text.LSM6DSM_X_Disable_Pedometer
                0x000000000800fdb0       0x5a ./Drivers/BSP/Components/LSM6DSM_ACC_GYRO_driver_HL.o
 .text.LSM6DSM_X_Get_Pedometer_Status
                0x000000000800fe0a       0x48 ./Drivers/BSP/Components/LSM6DSM_ACC_GYRO_driver_HL.o
 .text.LSM6DSM_X_Get_Step_Count
                0x000000000800fe52       0x26 ./Drivers/BSP/Components/LSM6DSM_ACC_GYRO_driver_HL.o
 .text.LSM6DSM_X_Enable_Step_Counter_Reset
                0x000000000800fe78       0x24 ./Drivers/BSP/Components/LSM6DSM_ACC_GYRO_driver_HL.o
 .text.LSM6DSM_X_Disable_Step_Counter_Reset
                0x000000000800fe9c       0x24 ./Drivers/BSP/Components/LSM6DSM_ACC_GYRO_driver_HL.o
 .text.LSM6DSM_X_Set_Pedometer_Threshold
                0x000000000800fec0       0x2a ./Drivers/BSP/Components/LSM6DSM_ACC_GYRO_driver_HL.o
 .text.LSM6DSM_X_Enable_Tilt_Detection
                0x000000000800feea       0x6e ./Drivers/BSP/Components/LSM6DSM_ACC_GYRO_driver_HL.o
 .text.LSM6DSM_X_Disable_Tilt_Detection
                0x000000000800ff58       0x48 ./Drivers/BSP/Components/LSM6DSM_ACC_GYRO_driver_HL.o
 .text.LSM6DSM_X_Get_Tilt_Detection_Status
                0x000000000800ffa0       0x48 ./Drivers/BSP/Components/LSM6DSM_ACC_GYRO_driver_HL.o
 .text.LSM6DSM_X_Enable_Wake_Up_Detection
                0x000000000800ffe8       0x84 ./Drivers/BSP/Components/LSM6DSM_ACC_GYRO_driver_HL.o
 .text.LSM6DSM_X_Disable_Wake_Up_Detection
                0x000000000801006c       0x5a ./Drivers/BSP/Components/LSM6DSM_ACC_GYRO_driver_HL.o
 .text.LSM6DSM_X_Get_Wake_Up_Detection_Status
                0x00000000080100c6       0x48 ./Drivers/BSP/Components/LSM6DSM_ACC_GYRO_driver_HL.o
 .text.LSM6DSM_X_Set_Wake_Up_Threshold
                0x000000000801010e       0x2a ./Drivers/BSP/Components/LSM6DSM_ACC_GYRO_driver_HL.o
 .text.LSM6DSM_X_Enable_Single_Tap_Detection
                0x0000000008010138       0xcc ./Drivers/BSP/Components/LSM6DSM_ACC_GYRO_driver_HL.o
 .text.LSM6DSM_X_Disable_Single_Tap_Detection
                0x0000000008010204       0xa2 ./Drivers/BSP/Components/LSM6DSM_ACC_GYRO_driver_HL.o
 .text.LSM6DSM_X_Get_Single_Tap_Detection_Status
                0x00000000080102a6       0x48 ./Drivers/BSP/Components/LSM6DSM_ACC_GYRO_driver_HL.o
 *fill*         0x00000000080102ee        0x2 
 .text.LSM6DSM_X_Enable_Double_Tap_Detection
                0x00000000080102f0       0xf0 ./Drivers/BSP/Components/LSM6DSM_ACC_GYRO_driver_HL.o
 .text.LSM6DSM_X_Disable_Double_Tap_Detection
                0x00000000080103e0       0xc6 ./Drivers/BSP/Components/LSM6DSM_ACC_GYRO_driver_HL.o
 .text.LSM6DSM_X_Get_Double_Tap_Detection_Status
                0x00000000080104a6       0x48 ./Drivers/BSP/Components/LSM6DSM_ACC_GYRO_driver_HL.o
 .text.LSM6DSM_X_Set_Tap_Threshold
                0x00000000080104ee       0x2a ./Drivers/BSP/Components/LSM6DSM_ACC_GYRO_driver_HL.o
 .text.LSM6DSM_X_Set_Tap_Shock_Time
                0x0000000008010518       0x2a ./Drivers/BSP/Components/LSM6DSM_ACC_GYRO_driver_HL.o
 .text.LSM6DSM_X_Set_Tap_Quiet_Time
                0x0000000008010542       0x2a ./Drivers/BSP/Components/LSM6DSM_ACC_GYRO_driver_HL.o
 .text.LSM6DSM_X_Set_Tap_Duration_Time
                0x000000000801056c       0x2a ./Drivers/BSP/Components/LSM6DSM_ACC_GYRO_driver_HL.o
 *fill*         0x0000000008010596        0x2 
 .text.LSM6DSM_X_Enable_6D_Orientation
                0x0000000008010598       0x74 ./Drivers/BSP/Components/LSM6DSM_ACC_GYRO_driver_HL.o
 .text.LSM6DSM_X_Disable_6D_Orientation
                0x000000000801060c       0x48 ./Drivers/BSP/Components/LSM6DSM_ACC_GYRO_driver_HL.o
 .text.LSM6DSM_X_Get_6D_Orientation_Status
                0x0000000008010654       0x48 ./Drivers/BSP/Components/LSM6DSM_ACC_GYRO_driver_HL.o
 .text.LSM6DSM_X_Get_6D_Orientation_XL
                0x000000000801069c       0x48 ./Drivers/BSP/Components/LSM6DSM_ACC_GYRO_driver_HL.o
 .text.LSM6DSM_X_Get_6D_Orientation_XH
                0x00000000080106e4       0x48 ./Drivers/BSP/Components/LSM6DSM_ACC_GYRO_driver_HL.o
 .text.LSM6DSM_X_Get_6D_Orientation_YL
                0x000000000801072c       0x48 ./Drivers/BSP/Components/LSM6DSM_ACC_GYRO_driver_HL.o
 .text.LSM6DSM_X_Get_6D_Orientation_YH
                0x0000000008010774       0x48 ./Drivers/BSP/Components/LSM6DSM_ACC_GYRO_driver_HL.o
 .text.LSM6DSM_X_Get_6D_Orientation_ZL
                0x00000000080107bc       0x48 ./Drivers/BSP/Components/LSM6DSM_ACC_GYRO_driver_HL.o
 .text.LSM6DSM_X_Get_6D_Orientation_ZH
                0x0000000008010804       0x48 ./Drivers/BSP/Components/LSM6DSM_ACC_GYRO_driver_HL.o
 .text.LSM6DSM_X_Read_Reg
                0x000000000801084c       0x2e ./Drivers/BSP/Components/LSM6DSM_ACC_GYRO_driver_HL.o
 .text.LSM6DSM_X_Write_Reg
                0x000000000801087a       0x30 ./Drivers/BSP/Components/LSM6DSM_ACC_GYRO_driver_HL.o
 .text.LSM6DSM_X_Get_DRDY_Status
                0x00000000080108aa       0x48 ./Drivers/BSP/Components/LSM6DSM_ACC_GYRO_driver_HL.o
 .text.LSM6DSM_G_Read_Reg
                0x00000000080108f2       0x2e ./Drivers/BSP/Components/LSM6DSM_ACC_GYRO_driver_HL.o
 .text.LSM6DSM_G_Write_Reg
                0x0000000008010920       0x30 ./Drivers/BSP/Components/LSM6DSM_ACC_GYRO_driver_HL.o
 .text.LSM6DSM_G_Get_DRDY_Status
                0x0000000008010950       0x48 ./Drivers/BSP/Components/LSM6DSM_ACC_GYRO_driver_HL.o
 .text.STC3115_Init
                0x0000000008010998      0x24c ./Drivers/BSP/Components/STC3115_Driver.o
 .text.STC3115_DeInit
                0x0000000008010be4       0x1c ./Drivers/BSP/Components/STC3115_Driver.o
 .text.STC3115_Get_WhoAmI
                0x0000000008010c00       0x2a ./Drivers/BSP/Components/STC3115_Driver.o
 *fill*         0x0000000008010c2a        0x2 
 .text.STC3115_Task
                0x0000000008010c2c      0x2a8 ./Drivers/BSP/Components/STC3115_Driver.o
 .text.STC3115_Reset
                0x0000000008010ed4       0x52 ./Drivers/BSP/Components/STC3115_Driver.o
 .text.STC3115_Stop
                0x0000000008010f26       0x4e ./Drivers/BSP/Components/STC3115_Driver.o
 .text.STC3115_GetSOC
                0x0000000008010f74       0x38 ./Drivers/BSP/Components/STC3115_Driver.o
 .text.STC3115_GetOCV
                0x0000000008010fac       0x26 ./Drivers/BSP/Components/STC3115_Driver.o
 .text.STC3115_GetCurrent
                0x0000000008010fd2       0x24 ./Drivers/BSP/Components/STC3115_Driver.o
 .text.STC3115_GetTemperature
                0x0000000008010ff6       0x24 ./Drivers/BSP/Components/STC3115_Driver.o
 .text.STC3115_GetVoltage
                0x000000000801101a       0x26 ./Drivers/BSP/Components/STC3115_Driver.o
 .text.STC3115_GetChargeValue
                0x0000000008011040       0x26 ./Drivers/BSP/Components/STC3115_Driver.o
 .text.STC3115_GetPresence
                0x0000000008011066       0x26 ./Drivers/BSP/Components/STC3115_Driver.o
 .text.STC3115_GetAlarmStatus
                0x000000000801108c       0x2a ./Drivers/BSP/Components/STC3115_Driver.o
 .text.STC3115_Status
                0x00000000080110b6       0x52 ./Drivers/BSP/Components/STC3115_Driver.o
 .text.STC3115_CalcRamCRC8
                0x0000000008011108       0x6c ./Drivers/BSP/Components/STC3115_Driver.o
 .text.STC3115_UpdateRamCRC
                0x0000000008011174       0x30 ./Drivers/BSP/Components/STC3115_Driver.o
 .text.STC3115_InitRamData
                0x00000000080111a4       0x5a ./Drivers/BSP/Components/STC3115_Driver.o
 .text.STC3115_WriteRamData
                0x00000000080111fe       0x2c ./Drivers/BSP/Components/STC3115_Driver.o
 .text.STC3115_ReadRamData
                0x000000000801122a       0x2c ./Drivers/BSP/Components/STC3115_Driver.o
 .text.STC3115_ReadBatteryData
                0x0000000008011256      0x156 ./Drivers/BSP/Components/STC3115_Driver.o
 .text.STC3115_Restore
                0x00000000080113ac       0x60 ./Drivers/BSP/Components/STC3115_Driver.o
 .text.STC3115_Powerdown
                0x000000000801140c       0x42 ./Drivers/BSP/Components/STC3115_Driver.o
 .text.STC3115_conv
                0x000000000801144e       0x38 ./Drivers/BSP/Components/STC3115_Driver.o
 .text.STC3115_Startup
                0x0000000008011486       0x48 ./Drivers/BSP/Components/STC3115_Driver.o
 .text.STC3115_Read
                0x00000000080114ce       0x36 ./Drivers/BSP/Components/STC3115_Driver.o
 .text.STC3115_Write
                0x0000000008011504       0x36 ./Drivers/BSP/Components/STC3115_Driver.o
 .text.STC3115_ReadWord
                0x000000000801153a       0x3a ./Drivers/BSP/Components/STC3115_Driver.o
 .text.STC3115_WriteWord
                0x0000000008011574       0x38 ./Drivers/BSP/Components/STC3115_Driver.o
 .text.STC3115_SetParam
                0x00000000080115ac      0x128 ./Drivers/BSP/Components/STC3115_Driver.o
 .text.BSP_LED_Init
                0x00000000080116d4       0xa0 ./Drivers/BSP/SensorTile/SensorTile.o
                0x00000000080116d4                BSP_LED_Init
 .text.BSP_LED_On
                0x0000000008011774       0x5c ./Drivers/BSP/SensorTile/SensorTile.o
                0x0000000008011774                BSP_LED_On
 .text.BSP_LED_Off
                0x00000000080117d0       0x5c ./Drivers/BSP/SensorTile/SensorTile.o
                0x00000000080117d0                BSP_LED_Off
 .text.Sensor_IO_I2C_Init
                0x000000000801182c       0x18 ./Drivers/BSP/SensorTile/SensorTile.o
                0x000000000801182c                Sensor_IO_I2C_Init
 .text.Sensor_IO_SPI_Init
                0x0000000008011844      0x118 ./Drivers/BSP/SensorTile/SensorTile.o
                0x0000000008011844                Sensor_IO_SPI_Init
 .text.Sensor_IO_SPI_CS_Init_All
                0x000000000801195c      0x124 ./Drivers/BSP/SensorTile/SensorTile.o
                0x000000000801195c                Sensor_IO_SPI_CS_Init_All
 .text.Sensor_IO_SPI_CS_Init
                0x0000000008011a80      0x12c ./Drivers/BSP/SensorTile/SensorTile.o
                0x0000000008011a80                Sensor_IO_SPI_CS_Init
 .text.Sensor_IO_Write
                0x0000000008011bac       0x86 ./Drivers/BSP/SensorTile/SensorTile.o
                0x0000000008011bac                Sensor_IO_Write
 .text.Sensor_IO_I2C_Write
                0x0000000008011c32       0x30 ./Drivers/BSP/SensorTile/SensorTile.o